// Jest Snapshot v1, https://goo.gl/fbAQLP

exports[`offset - environment/environment offsets list should have required properties 1`] = `
Object {
  "clockHour": Offset {
    "category": "environment",
    "convert": undefined,
    "description": "0-23",
    "length": undefined,
    "mapping": undefined,
    "name": "clockHour",
    "permission": "rw",
    "type": 0,
    "value": 568,
  },
  "clockMin": Offset {
    "category": "environment",
    "convert": undefined,
    "description": "0-59",
    "length": undefined,
    "mapping": undefined,
    "name": "clockMin",
    "permission": "rw",
    "type": 0,
    "value": 569,
  },
  "clockSec": Offset {
    "category": "environment",
    "convert": undefined,
    "description": "0-59",
    "length": undefined,
    "mapping": undefined,
    "name": "clockSec",
    "permission": "rw",
    "type": 0,
    "value": 570,
  },
  "dayOfYear": Offset {
    "category": "environment",
    "convert": undefined,
    "description": "day of year - count from 1",
    "length": undefined,
    "mapping": undefined,
    "name": "dayOfYear",
    "permission": "rw",
    "type": 5,
    "value": 574,
  },
  "localDayOfMonth": Offset {
    "category": "environment",
    "convert": undefined,
    "description": "local day of month - FSX only",
    "length": undefined,
    "mapping": undefined,
    "name": "localDayOfMonth",
    "permission": "r",
    "type": 0,
    "value": 581,
  },
  "localMonthOfYear": Offset {
    "category": "environment",
    "convert": undefined,
    "description": "local month of year - FSX only",
    "length": undefined,
    "mapping": undefined,
    "name": "localMonthOfYear",
    "permission": "r",
    "type": 0,
    "value": 580,
  },
  "localYear": Offset {
    "category": "environment",
    "convert": undefined,
    "description": "local year",
    "length": undefined,
    "mapping": undefined,
    "name": "localYear",
    "permission": "rw",
    "type": 5,
    "value": 586,
  },
  "nearestAirportAltitude": Offset {
    "category": "environment",
    "convert": undefined,
    "description": "nearest airport altitude - ft",
    "length": undefined,
    "mapping": undefined,
    "name": "nearestAirportAltitude",
    "permission": "r",
    "type": 9,
    "value": 1636,
  },
  "nearestAirportDistance": Offset {
    "category": "environment",
    "convert": undefined,
    "description": "nearest airport distance - NM",
    "length": undefined,
    "mapping": undefined,
    "name": "nearestAirportDistance",
    "permission": "r",
    "type": 9,
    "value": 1640,
  },
  "nearestAirportId": Offset {
    "category": "environment",
    "convert": "nearestAirportsIds",
    "description": "nearest airport",
    "length": 128,
    "mapping": true,
    "name": "nearestAirportId",
    "permission": "r",
    "type": 10,
    "value": 1624,
  },
  "nearestAirportLatitude": Offset {
    "category": "environment",
    "convert": undefined,
    "description": "nearest airport latitude",
    "length": undefined,
    "mapping": undefined,
    "name": "nearestAirportLatitude",
    "permission": "r",
    "type": 9,
    "value": 1628,
  },
  "nearestAirportLongitude": Offset {
    "category": "environment",
    "convert": undefined,
    "description": "nearest airport longitude",
    "length": undefined,
    "mapping": undefined,
    "name": "nearestAirportLongitude",
    "permission": "r",
    "type": 9,
    "value": 1632,
  },
  "nearestWeatherStationId": Offset {
    "category": "environment",
    "convert": undefined,
    "description": "nearest weather station ICAO id",
    "length": 4,
    "mapping": undefined,
    "name": "nearestWeatherStationId",
    "permission": "r",
    "type": 11,
    "value": 3712,
  },
  "season": Offset {
    "category": "environment",
    "convert": "seasons",
    "description": "local season",
    "length": undefined,
    "mapping": true,
    "name": "season",
    "permission": "rw",
    "type": 5,
    "value": 584,
  },
  "timezoneOffsetToZulu": Offset {
    "category": "environment",
    "convert": undefined,
    "description": "timezone offset minutes to zulu - determines aircraft position (+ve = behind zulu, -ve = ahead zulu)",
    "length": undefined,
    "mapping": undefined,
    "name": "timezoneOffsetToZulu",
    "permission": "rw",
    "type": 2,
    "value": 582,
  },
  "towerAltitude": Offset {
    "category": "environment",
    "convert": "+({VAL} * 3.28084 / (65536 * 65536)).toFixed(2)",
    "description": "tower altitude",
    "length": undefined,
    "mapping": undefined,
    "name": "towerAltitude",
    "permission": "r",
    "type": 4,
    "value": 3424,
  },
  "towerLatitude": Offset {
    "category": "environment",
    "convert": "{VAL} * 90 / (10001750 * 65536 * 65536)",
    "description": "tower latitude",
    "length": undefined,
    "mapping": undefined,
    "name": "towerLatitude",
    "permission": "r",
    "type": 4,
    "value": 3408,
  },
  "towerLongitude": Offset {
    "category": "environment",
    "convert": "{VAL} * 360 / (65536 * 65536 * 65536 * 65536)",
    "description": "tower longitude",
    "length": undefined,
    "mapping": undefined,
    "name": "towerLongitude",
    "permission": "r",
    "type": 4,
    "value": 3416,
  },
  "zuluDayOfMonth": Offset {
    "category": "environment",
    "convert": undefined,
    "description": "day of month UTC - FSX only - count from 1",
    "length": undefined,
    "mapping": undefined,
    "name": "zuluDayOfMonth",
    "permission": "r",
    "type": 0,
    "value": 573,
  },
  "zuluDayOfWeek": Offset {
    "category": "environment",
    "convert": undefined,
    "description": "day of week UTC - FSX only",
    "length": undefined,
    "mapping": undefined,
    "name": "zuluDayOfWeek",
    "permission": "r",
    "type": 0,
    "value": 579,
  },
  "zuluHour": Offset {
    "category": "environment",
    "convert": undefined,
    "description": "0-23 UTC",
    "length": undefined,
    "mapping": undefined,
    "name": "zuluHour",
    "permission": "rw",
    "type": 0,
    "value": 571,
  },
  "zuluMin": Offset {
    "category": "environment",
    "convert": undefined,
    "description": "0-59 UTC",
    "length": undefined,
    "mapping": undefined,
    "name": "zuluMin",
    "permission": "rw",
    "type": 0,
    "value": 572,
  },
  "zuluMonthOfYear": Offset {
    "category": "environment",
    "convert": undefined,
    "description": "month of year UTC - FSX only",
    "length": undefined,
    "mapping": undefined,
    "name": "zuluMonthOfYear",
    "permission": "r",
    "type": 0,
    "value": 578,
  },
  "zuluYear": Offset {
    "category": "environment",
    "convert": undefined,
    "description": "year UTC",
    "length": undefined,
    "mapping": undefined,
    "name": "zuluYear",
    "permission": "rw",
    "type": 5,
    "value": 576,
  },
}
`;
