// Jest Snapshot v1, https://goo.gl/fbAQLP

exports[`offset - plane/engines/propeller4 offsets list should have required properties 1`] = `
Object {
  "propeller4AutofeatherArmed": Offset {
    "category": "engine",
    "convert": "!!{VAL}",
    "description": "propeller 4 autofeather armed flag",
    "length": undefined,
    "mapping": undefined,
    "name": "propeller4AutofeatherArmed",
    "permission": "rw",
    "type": 6,
    "value": 10032,
  },
  "propeller4BetaBladeAngle": Offset {
    "category": "engine",
    "convert": "+({VAL}).toFixed(4)",
    "description": "propeller 4 beta blade angle - rad",
    "length": undefined,
    "mapping": undefined,
    "name": "propeller4BetaBladeAngle",
    "permission": "r",
    "type": 8,
    "value": 10008,
  },
  "propeller4DeiceSwitch": Offset {
    "category": "engine",
    "convert": "!!{VAL}",
    "description": "propeller 4 de-ice active",
    "length": undefined,
    "mapping": undefined,
    "name": "propeller4DeiceSwitch",
    "permission": "rw",
    "type": 6,
    "value": 10048,
  },
  "propeller4FeatherSwitch": Offset {
    "category": "engine",
    "convert": "!!{VAL}",
    "description": "propeller 4 feather switch",
    "length": undefined,
    "mapping": undefined,
    "name": "propeller4FeatherSwitch",
    "permission": "rw",
    "type": 6,
    "value": 10036,
  },
  "propeller4Feathered": Offset {
    "category": "engine",
    "convert": "!!{VAL}",
    "description": "propeller 4 feathered",
    "length": undefined,
    "mapping": undefined,
    "name": "propeller4Feathered",
    "permission": "r",
    "type": 6,
    "value": 10020,
  },
  "propeller4FeatheringInhibit": Offset {
    "category": "engine",
    "convert": "!!{VAL}",
    "description": "propeller 4 feathering inhibit",
    "length": undefined,
    "mapping": undefined,
    "name": "propeller4FeatheringInhibit",
    "permission": "rw",
    "type": 6,
    "value": 10016,
  },
  "propeller4PanelAutofeatherSwitch": Offset {
    "category": "engine",
    "convert": "!!{VAL}",
    "description": "propeller 4 panel autofeather switch",
    "length": undefined,
    "mapping": undefined,
    "name": "propeller4PanelAutofeatherSwitch",
    "permission": "rw",
    "type": 6,
    "value": 10040,
  },
  "propeller4RPM": Offset {
    "category": "engine",
    "convert": undefined,
    "description": "propeller 4 RPM",
    "length": undefined,
    "mapping": undefined,
    "name": "propeller4RPM",
    "permission": "r",
    "type": 8,
    "value": 9984,
  },
  "propeller4RPMPercent": Offset {
    "category": "engine",
    "convert": "Math.round(+(+({VAL}).toFixed(4) * 100).toFixed(2))",
    "description": "propeller 4 RPM percent",
    "length": undefined,
    "mapping": undefined,
    "name": "propeller4RPMPercent",
    "permission": "r",
    "type": 8,
    "value": 9992,
  },
  "propeller4Sync": Offset {
    "category": "engine",
    "convert": "!!{VAL}",
    "description": "propeller 4 sync active",
    "length": undefined,
    "mapping": undefined,
    "name": "propeller4Sync",
    "permission": "rw",
    "type": 6,
    "value": 10044,
  },
  "propeller4SyncDeltaLever": Offset {
    "category": "engine",
    "convert": undefined,
    "description": "propeller 4 sync delta lever",
    "length": undefined,
    "mapping": undefined,
    "name": "propeller4SyncDeltaLever",
    "permission": "r",
    "type": 8,
    "value": 10024,
  },
  "propeller4Thrust": Offset {
    "category": "engine",
    "convert": "+({VAL}).toFixed(2)",
    "description": "propeller 4 thrust - lb",
    "length": undefined,
    "mapping": undefined,
    "name": "propeller4Thrust",
    "permission": "r",
    "type": 8,
    "value": 10000,
  },
}
`;
