// Jest Snapshot v1, https://goo.gl/fbAQLP

exports[`offset - plane/engines/propeller2 offsets list should have required properties 1`] = `
Object {
  "propeller2AutofeatherArmed": Offset {
    "category": "engine",
    "convert": "!!{VAL}",
    "description": "propeller 2 autofeather armed flag",
    "length": undefined,
    "mapping": undefined,
    "name": "propeller2AutofeatherArmed",
    "permission": "rw",
    "type": 6,
    "value": 9520,
  },
  "propeller2BetaBladeAngle": Offset {
    "category": "engine",
    "convert": "+({VAL}).toFixed(4)",
    "description": "propeller 2 beta blade angle - rad",
    "length": undefined,
    "mapping": undefined,
    "name": "propeller2BetaBladeAngle",
    "permission": "r",
    "type": 8,
    "value": 9496,
  },
  "propeller2DeiceSwitch": Offset {
    "category": "engine",
    "convert": "!!{VAL}",
    "description": "propeller 2 de-ice active",
    "length": undefined,
    "mapping": undefined,
    "name": "propeller2DeiceSwitch",
    "permission": "rw",
    "type": 6,
    "value": 9536,
  },
  "propeller2FeatherSwitch": Offset {
    "category": "engine",
    "convert": "!!{VAL}",
    "description": "propeller 2 feather switch",
    "length": undefined,
    "mapping": undefined,
    "name": "propeller2FeatherSwitch",
    "permission": "rw",
    "type": 6,
    "value": 9524,
  },
  "propeller2Feathered": Offset {
    "category": "engine",
    "convert": "!!{VAL}",
    "description": "propeller 2 feathered",
    "length": undefined,
    "mapping": undefined,
    "name": "propeller2Feathered",
    "permission": "r",
    "type": 6,
    "value": 9508,
  },
  "propeller2FeatheringInhibit": Offset {
    "category": "engine",
    "convert": "!!{VAL}",
    "description": "propeller 2 feathering inhibit",
    "length": undefined,
    "mapping": undefined,
    "name": "propeller2FeatheringInhibit",
    "permission": "rw",
    "type": 6,
    "value": 9504,
  },
  "propeller2PanelAutofeatherSwitch": Offset {
    "category": "engine",
    "convert": "!!{VAL}",
    "description": "propeller 2 panel autofeather switch",
    "length": undefined,
    "mapping": undefined,
    "name": "propeller2PanelAutofeatherSwitch",
    "permission": "rw",
    "type": 6,
    "value": 9528,
  },
  "propeller2RPM": Offset {
    "category": "engine",
    "convert": undefined,
    "description": "propeller 2 RPM",
    "length": undefined,
    "mapping": undefined,
    "name": "propeller2RPM",
    "permission": "r",
    "type": 8,
    "value": 9472,
  },
  "propeller2RPMPercent": Offset {
    "category": "engine",
    "convert": "Math.round(+(+({VAL}).toFixed(4) * 100).toFixed(2))",
    "description": "propeller 2 RPM percent",
    "length": undefined,
    "mapping": undefined,
    "name": "propeller2RPMPercent",
    "permission": "r",
    "type": 8,
    "value": 9480,
  },
  "propeller2Sync": Offset {
    "category": "engine",
    "convert": "!!{VAL}",
    "description": "propeller 2 sync active",
    "length": undefined,
    "mapping": undefined,
    "name": "propeller2Sync",
    "permission": "rw",
    "type": 6,
    "value": 9532,
  },
  "propeller2SyncDeltaLever": Offset {
    "category": "engine",
    "convert": undefined,
    "description": "propeller 2 sync delta lever",
    "length": undefined,
    "mapping": undefined,
    "name": "propeller2SyncDeltaLever",
    "permission": "r",
    "type": 8,
    "value": 9512,
  },
  "propeller2Thrust": Offset {
    "category": "engine",
    "convert": "+({VAL}).toFixed(2)",
    "description": "propeller 2 thrust - lb",
    "length": undefined,
    "mapping": undefined,
    "name": "propeller2Thrust",
    "permission": "r",
    "type": 8,
    "value": 9488,
  },
}
`;
