// Jest Snapshot v1, https://goo.gl/fbAQLP

exports[`offset - plane/engines/propeller3 offsets list should have required properties 1`] = `
Object {
  "propeller3AutofeatherArmed": Offset {
    "category": "engine",
    "convert": "!!{VAL}",
    "description": "propeller 3 autofeather armed flag",
    "length": undefined,
    "mapping": undefined,
    "name": "propeller3AutofeatherArmed",
    "permission": "rw",
    "type": 6,
    "value": 9776,
  },
  "propeller3BetaBladeAngle": Offset {
    "category": "engine",
    "convert": "+({VAL}).toFixed(4)",
    "description": "propeller 3 beta blade angle - rad",
    "length": undefined,
    "mapping": undefined,
    "name": "propeller3BetaBladeAngle",
    "permission": "r",
    "type": 8,
    "value": 9752,
  },
  "propeller3DeiceSwitch": Offset {
    "category": "engine",
    "convert": "!!{VAL}",
    "description": "propeller 3 de-ice active",
    "length": undefined,
    "mapping": undefined,
    "name": "propeller3DeiceSwitch",
    "permission": "rw",
    "type": 6,
    "value": 9792,
  },
  "propeller3FeatherSwitch": Offset {
    "category": "engine",
    "convert": "!!{VAL}",
    "description": "propeller 3 feather switch",
    "length": undefined,
    "mapping": undefined,
    "name": "propeller3FeatherSwitch",
    "permission": "rw",
    "type": 6,
    "value": 9780,
  },
  "propeller3Feathered": Offset {
    "category": "engine",
    "convert": "!!{VAL}",
    "description": "propeller 3 feathered",
    "length": undefined,
    "mapping": undefined,
    "name": "propeller3Feathered",
    "permission": "r",
    "type": 6,
    "value": 9764,
  },
  "propeller3FeatheringInhibit": Offset {
    "category": "engine",
    "convert": "!!{VAL}",
    "description": "propeller 3 feathering inhibit",
    "length": undefined,
    "mapping": undefined,
    "name": "propeller3FeatheringInhibit",
    "permission": "rw",
    "type": 6,
    "value": 9760,
  },
  "propeller3PanelAutofeatherSwitch": Offset {
    "category": "engine",
    "convert": "!!{VAL}",
    "description": "propeller 3 panel autofeather switch",
    "length": undefined,
    "mapping": undefined,
    "name": "propeller3PanelAutofeatherSwitch",
    "permission": "rw",
    "type": 6,
    "value": 9784,
  },
  "propeller3RPM": Offset {
    "category": "engine",
    "convert": undefined,
    "description": "propeller 3 RPM",
    "length": undefined,
    "mapping": undefined,
    "name": "propeller3RPM",
    "permission": "r",
    "type": 8,
    "value": 9728,
  },
  "propeller3RPMPercent": Offset {
    "category": "engine",
    "convert": "Math.round(+(+({VAL}).toFixed(4) * 100).toFixed(2))",
    "description": "propeller 3 RPM percent",
    "length": undefined,
    "mapping": undefined,
    "name": "propeller3RPMPercent",
    "permission": "r",
    "type": 8,
    "value": 9736,
  },
  "propeller3Sync": Offset {
    "category": "engine",
    "convert": "!!{VAL}",
    "description": "propeller 3 sync active",
    "length": undefined,
    "mapping": undefined,
    "name": "propeller3Sync",
    "permission": "rw",
    "type": 6,
    "value": 9788,
  },
  "propeller3SyncDeltaLever": Offset {
    "category": "engine",
    "convert": undefined,
    "description": "propeller 3 sync delta lever",
    "length": undefined,
    "mapping": undefined,
    "name": "propeller3SyncDeltaLever",
    "permission": "r",
    "type": 8,
    "value": 9768,
  },
  "propeller3Thrust": Offset {
    "category": "engine",
    "convert": "+({VAL}).toFixed(2)",
    "description": "propeller 3 thrust - lb",
    "length": undefined,
    "mapping": undefined,
    "name": "propeller3Thrust",
    "permission": "r",
    "type": 8,
    "value": 9744,
  },
}
`;
