// Jest Snapshot v1, https://goo.gl/fbAQLP

exports[`offset - plane/controls offsets list should have required properties 1`] = `
Object {
  "aileronDeflection": Offset {
    "category": "controls",
    "convert": undefined,
    "description": "aileron deflection - radians +ve right -ve left",
    "length": undefined,
    "mapping": undefined,
    "name": "aileronDeflection",
    "permission": "r",
    "type": 8,
    "value": 11944,
  },
  "aileronIndicator": Offset {
    "category": "controls",
    "convert": undefined,
    "description": "aileron indicator",
    "length": undefined,
    "mapping": undefined,
    "name": "aileronIndicator",
    "permission": "r",
    "type": 2,
    "value": 3000,
  },
  "aileronPositionControl": Offset {
    "category": "controls",
    "convert": "Math.round({VAL} / 16383 * 100)",
    "description": "aileron position control - percent",
    "length": undefined,
    "mapping": undefined,
    "name": "aileronPositionControl",
    "permission": "rw",
    "type": 2,
    "value": 2998,
  },
  "aileronTrimDeflection": Offset {
    "category": "controls",
    "convert": undefined,
    "description": "aileron trim deflection - radians +ve right -ve left",
    "length": undefined,
    "mapping": undefined,
    "name": "aileronTrimDeflection",
    "permission": "rw",
    "type": 8,
    "value": 11952,
  },
  "aileronTrimPosition": Offset {
    "category": "controls",
    "convert": "Math.round({VAL} / 16383 * 100)",
    "description": "aileron trim position - percent - can be negative",
    "length": undefined,
    "mapping": undefined,
    "name": "aileronTrimPosition",
    "permission": "rw",
    "type": 2,
    "value": 3074,
  },
  "autoBrakeSwitch": Offset {
    "category": "controls",
    "convert": "autoBrake",
    "description": "auto brake switch",
    "length": undefined,
    "mapping": true,
    "name": "autoBrakeSwitch",
    "permission": "rw",
    "type": 1,
    "value": 12160,
  },
  "autoRudder": Offset {
    "category": "controls",
    "convert": "!!{VAL}",
    "description": "auto coordination",
    "length": undefined,
    "mapping": undefined,
    "name": "autoRudder",
    "permission": "rw",
    "type": 2,
    "value": 632,
  },
  "brakingIndicator": Offset {
    "category": "controls",
    "convert": "appliedBrakes",
    "description": "braking indicator",
    "length": undefined,
    "mapping": true,
    "name": "brakingIndicator",
    "permission": "r",
    "type": 2,
    "value": 3018,
  },
  "canopyOpen": Offset {
    "category": "controls",
    "convert": undefined,
    "description": "canopy open",
    "length": undefined,
    "mapping": undefined,
    "name": "canopyOpen",
    "permission": "r",
    "type": 8,
    "value": 10832,
  },
  "elevatorDeflection": Offset {
    "category": "controls",
    "convert": undefined,
    "description": "elevator deflection - radians +ve up -ve down",
    "length": undefined,
    "mapping": undefined,
    "name": "elevatorDeflection",
    "permission": "r",
    "type": 8,
    "value": 11928,
  },
  "elevatorIndicator": Offset {
    "category": "controls",
    "convert": undefined,
    "description": "elevator indicator",
    "length": undefined,
    "mapping": undefined,
    "name": "elevatorIndicator",
    "permission": "r",
    "type": 2,
    "value": 2996,
  },
  "elevatorPositionControl": Offset {
    "category": "controls",
    "convert": "Math.round({VAL} / 16383 * 100)",
    "description": "elevator position control - percent",
    "length": undefined,
    "mapping": undefined,
    "name": "elevatorPositionControl",
    "permission": "rw",
    "type": 2,
    "value": 2994,
  },
  "elevatorTrimDeflection": Offset {
    "category": "controls",
    "convert": undefined,
    "description": "elevator trim deflection - radians +ve up -ve down",
    "length": undefined,
    "mapping": undefined,
    "name": "elevatorTrimDeflection",
    "permission": "rw",
    "type": 8,
    "value": 11936,
  },
  "elevatorTrimIndicator": Offset {
    "category": "controls",
    "convert": undefined,
    "description": "elevator trim indicator",
    "length": undefined,
    "mapping": undefined,
    "name": "elevatorTrimIndicator",
    "permission": "r",
    "type": 2,
    "value": 3010,
  },
  "elevatorTrimPositionControl": Offset {
    "category": "controls",
    "convert": "Math.round({VAL} / 16383 * 100)",
    "description": "elevator trim position control - percent",
    "length": undefined,
    "mapping": undefined,
    "name": "elevatorTrimPositionControl",
    "permission": "rw",
    "type": 2,
    "value": 3008,
  },
  "elevon1Deflection": Offset {
    "category": "controls",
    "convert": undefined,
    "description": "elevon 1 deflection",
    "length": undefined,
    "mapping": undefined,
    "name": "elevon1Deflection",
    "permission": "r",
    "type": 8,
    "value": 10752,
  },
  "elevon2Deflection": Offset {
    "category": "controls",
    "convert": undefined,
    "description": "elevon 2 deflection",
    "length": undefined,
    "mapping": undefined,
    "name": "elevon2Deflection",
    "permission": "r",
    "type": 8,
    "value": 10760,
  },
  "elevon3Deflection": Offset {
    "category": "controls",
    "convert": undefined,
    "description": "elevon 3 deflection",
    "length": undefined,
    "mapping": undefined,
    "name": "elevon3Deflection",
    "permission": "r",
    "type": 8,
    "value": 10768,
  },
  "elevon4Deflection": Offset {
    "category": "controls",
    "convert": undefined,
    "description": "elevon 4 deflection",
    "length": undefined,
    "mapping": undefined,
    "name": "elevon4Deflection",
    "permission": "r",
    "type": 8,
    "value": 10776,
  },
  "elevon5Deflection": Offset {
    "category": "controls",
    "convert": undefined,
    "description": "elevon 5 deflection",
    "length": undefined,
    "mapping": undefined,
    "name": "elevon5Deflection",
    "permission": "r",
    "type": 8,
    "value": 10784,
  },
  "elevon6Deflection": Offset {
    "category": "controls",
    "convert": undefined,
    "description": "elevon 6 deflection",
    "length": undefined,
    "mapping": undefined,
    "name": "elevon6Deflection",
    "permission": "r",
    "type": 8,
    "value": 10792,
  },
  "elevon7Deflection": Offset {
    "category": "controls",
    "convert": undefined,
    "description": "elevon 7 deflection",
    "length": undefined,
    "mapping": undefined,
    "name": "elevon7Deflection",
    "permission": "r",
    "type": 8,
    "value": 10800,
  },
  "elevon8Deflection": Offset {
    "category": "controls",
    "convert": undefined,
    "description": "elevon 8 deflection",
    "length": undefined,
    "mapping": undefined,
    "name": "elevon8Deflection",
    "permission": "r",
    "type": 8,
    "value": 10800,
  },
  "flapsControl": Offset {
    "category": "controls",
    "convert": "Math.round({VAL} / 16383 * 100)",
    "description": "flaps deployment - percent - for steps, depends on 0x3BFA",
    "length": undefined,
    "mapping": undefined,
    "name": "flapsControl",
    "permission": "rw",
    "type": 3,
    "value": 3036,
  },
  "flapsHandleIndex": Offset {
    "category": "controls",
    "convert": undefined,
    "description": "0 = full up",
    "length": undefined,
    "mapping": undefined,
    "name": "flapsHandleIndex",
    "permission": "rw",
    "type": 0,
    "value": 3068,
  },
  "flapsLeftPosition": Offset {
    "category": "controls",
    "convert": "Math.round({VAL} / 16383 * 100)",
    "description": "left flaps position indicator - percent - to get angle, depends on max",
    "length": undefined,
    "mapping": undefined,
    "name": "flapsLeftPosition",
    "permission": "r",
    "type": 3,
    "value": 3040,
  },
  "flapsRightPosition": Offset {
    "category": "controls",
    "convert": "Math.round({VAL} / 16383 * 100)",
    "description": "right flaps position indicator - percent - to get angle, depends on max",
    "length": undefined,
    "mapping": undefined,
    "name": "flapsRightPosition",
    "permission": "r",
    "type": 3,
    "value": 3040,
  },
  "flightDirectorActive": Offset {
    "category": "controls",
    "convert": "!!{VAL}",
    "description": "panel auto-feather arm switch",
    "length": undefined,
    "mapping": undefined,
    "name": "flightDirectorActive",
    "permission": "rw",
    "type": 6,
    "value": 12000,
  },
  "flightDirectorBank": Offset {
    "category": "controls",
    "convert": undefined,
    "description": "flight director bank - degrees",
    "length": undefined,
    "mapping": undefined,
    "name": "flightDirectorBank",
    "permission": "r",
    "type": 8,
    "value": 12016,
  },
  "flightDirectorPitch": Offset {
    "category": "controls",
    "convert": undefined,
    "description": "flight director pitch - degrees",
    "length": undefined,
    "mapping": undefined,
    "name": "flightDirectorPitch",
    "permission": "r",
    "type": 8,
    "value": 12008,
  },
  "foldingWingLeft": Offset {
    "category": "controls",
    "convert": "doublePercentRound",
    "description": "folding right left - percent",
    "length": undefined,
    "mapping": true,
    "name": "foldingWingLeft",
    "permission": "r",
    "type": 8,
    "value": 10824,
  },
  "foldingWingRight": Offset {
    "category": "controls",
    "convert": "doublePercentRound",
    "description": "folding right right - percent",
    "length": undefined,
    "mapping": true,
    "name": "foldingWingRight",
    "permission": "r",
    "type": 8,
    "value": 10832,
  },
  "gearControl": Offset {
    "category": "controls",
    "convert": "Math.round({VAL} / 16383 * 100)",
    "description": "gear deploy - percent",
    "length": undefined,
    "mapping": undefined,
    "name": "gearControl",
    "permission": "rw",
    "type": 3,
    "value": 3048,
  },
  "gearLeftPosition": Offset {
    "category": "controls",
    "convert": "Math.round({VAL} / 16383 * 100)",
    "description": "nose gear deploy - percent",
    "length": undefined,
    "mapping": undefined,
    "name": "gearLeftPosition",
    "permission": "r",
    "type": 3,
    "value": 3060,
  },
  "gearNosePosition": Offset {
    "category": "controls",
    "convert": "Math.round({VAL} / 16383 * 100)",
    "description": "nose gear deploy - percent",
    "length": undefined,
    "mapping": undefined,
    "name": "gearNosePosition",
    "permission": "r",
    "type": 3,
    "value": 3052,
  },
  "gearPosTail": Offset {
    "category": "controls",
    "convert": undefined,
    "description": "gear pos tail",
    "length": undefined,
    "mapping": undefined,
    "name": "gearPosTail",
    "permission": "r",
    "type": 8,
    "value": 12088,
  },
  "gearRightPosition": Offset {
    "category": "controls",
    "convert": "Math.round({VAL} / 16383 * 100)",
    "description": "nose gear deploy - percent",
    "length": undefined,
    "mapping": undefined,
    "name": "gearRightPosition",
    "permission": "r",
    "type": 3,
    "value": 3056,
  },
  "leftAileronDeflection": Offset {
    "category": "controls",
    "convert": undefined,
    "description": "left aileron deflection - radians",
    "length": undefined,
    "mapping": undefined,
    "name": "leftAileronDeflection",
    "permission": "r",
    "type": 8,
    "value": 944,
  },
  "leftBrakeApplication": Offset {
    "category": "controls",
    "convert": "Math.round({VAL} / 16383 * 100)",
    "description": "left brake application pressure - percent - will match 100% if parking brake on",
    "length": undefined,
    "mapping": undefined,
    "name": "leftBrakeApplication",
    "permission": "r",
    "type": 2,
    "value": 3012,
  },
  "leftToeBrakeControl": Offset {
    "category": "controls",
    "convert": "Math.round({VAL} / 2)",
    "description": "left toe brake application - percent",
    "length": undefined,
    "mapping": undefined,
    "name": "leftToeBrakeControl",
    "permission": "rw",
    "type": 0,
    "value": 3073,
  },
  "parkingBrake": Offset {
    "category": "controls",
    "convert": "typeof {VAL} === \`boolean\` ? {VAL} ? 32767 : 0 : {VAL} >= 32767",
    "description": "parking brake active",
    "length": undefined,
    "mapping": undefined,
    "name": "parkingBrake",
    "permission": "r",
    "type": 2,
    "value": 3016,
  },
  "propellerPitchControl": Offset {
    "category": "controls",
    "convert": undefined,
    "description": "0=fixed, 1=auto, 2=manual",
    "length": undefined,
    "mapping": undefined,
    "name": "propellerPitchControl",
    "permission": "rw",
    "type": 5,
    "value": 2800,
  },
  "rightAileronDeflection": Offset {
    "category": "controls",
    "convert": undefined,
    "description": "right aileron deflection - radians",
    "length": undefined,
    "mapping": undefined,
    "name": "rightAileronDeflection",
    "permission": "r",
    "type": 8,
    "value": 952,
  },
  "rightBrakeApplication": Offset {
    "category": "controls",
    "convert": "Math.round({VAL} / 16383 * 100)",
    "description": "right brake application pressure - percent - will match 100% if parking brake on",
    "length": undefined,
    "mapping": undefined,
    "name": "rightBrakeApplication",
    "permission": "r",
    "type": 2,
    "value": 3014,
  },
  "rightToeBrakeControl": Offset {
    "category": "controls",
    "convert": "Math.round({VAL} / 2)",
    "description": "right toe brake application - percent",
    "length": undefined,
    "mapping": undefined,
    "name": "rightToeBrakeControl",
    "permission": "rw",
    "type": 0,
    "value": 3072,
  },
  "rotorClutchSwitch": Offset {
    "category": "controls",
    "convert": "!!{VAL}",
    "description": "rotor clutch switch",
    "length": undefined,
    "mapping": undefined,
    "name": "rotorClutchSwitch",
    "permission": "rw",
    "type": 0,
    "value": 2185,
  },
  "rudderCalibratedvalue": Offset {
    "category": "controls",
    "convert": "Math.round({VAL} / 16383 * 100)",
    "description": "rudder calibrated value - percent - can be negative",
    "length": undefined,
    "mapping": undefined,
    "name": "rudderCalibratedvalue",
    "permission": "r",
    "type": 2,
    "value": 3082,
  },
  "rudderDeflection": Offset {
    "category": "controls",
    "convert": undefined,
    "description": "rudder deflection - radians +ve right -ve left",
    "length": undefined,
    "mapping": undefined,
    "name": "rudderDeflection",
    "permission": "r",
    "type": 8,
    "value": 11960,
  },
  "rudderIndicator": Offset {
    "category": "controls",
    "convert": undefined,
    "description": "rudder indicator",
    "length": undefined,
    "mapping": undefined,
    "name": "rudderIndicator",
    "permission": "r",
    "type": 2,
    "value": 3004,
  },
  "rudderPositionControl": Offset {
    "category": "controls",
    "convert": "Math.round({VAL} / 16383 * 100)",
    "description": "rudder position control - percent",
    "length": undefined,
    "mapping": undefined,
    "name": "rudderPositionControl",
    "permission": "rw",
    "type": 2,
    "value": 3002,
  },
  "rudderTrimDeflection": Offset {
    "category": "controls",
    "convert": undefined,
    "description": "rudder trim deflection - radians +ve right -ve left",
    "length": undefined,
    "mapping": undefined,
    "name": "rudderTrimDeflection",
    "permission": "rw",
    "type": 8,
    "value": 11968,
  },
  "rudderTrimPosition": Offset {
    "category": "controls",
    "convert": "Math.round({VAL} / 16383 * 100)",
    "description": "rudder trim position - percent - can be negative",
    "length": undefined,
    "mapping": undefined,
    "name": "rudderTrimPosition",
    "permission": "rw",
    "type": 2,
    "value": 3076,
  },
  "spoilerLeftPosition": Offset {
    "category": "controls",
    "convert": "Math.round({VAL} / 16383 * 100)",
    "description": "left spoiler position - percent",
    "length": undefined,
    "mapping": undefined,
    "name": "spoilerLeftPosition",
    "permission": "rw",
    "type": 3,
    "value": 3028,
  },
  "spoilerRightPosition": Offset {
    "category": "controls",
    "convert": "Math.round({VAL} / 16383 * 100)",
    "description": "right spoiler position - percent",
    "length": undefined,
    "mapping": undefined,
    "name": "spoilerRightPosition",
    "permission": "rw",
    "type": 3,
    "value": 3032,
  },
  "spoilersArm": Offset {
    "category": "controls",
    "convert": "!!{VAL}",
    "description": "spoilers arm indicator",
    "length": undefined,
    "mapping": undefined,
    "name": "spoilersArm",
    "permission": "rw",
    "type": 3,
    "value": 3020,
  },
  "spoilersControl": Offset {
    "category": "controls",
    "convert": "spoilersControl",
    "description": "spoilers control - percent",
    "length": undefined,
    "mapping": true,
    "name": "spoilersControl",
    "permission": "rw",
    "type": 3,
    "value": 3024,
  },
  "steeringTillerCalibratedValue": Offset {
    "category": "controls",
    "convert": "Math.round({VAL} / 16383 * 100)",
    "description": "steering tiller calibrated value - percent - can be negative",
    "length": undefined,
    "mapping": undefined,
    "name": "steeringTillerCalibratedValue",
    "permission": "r",
    "type": 2,
    "value": 3080,
  },
  "tailWheelLocked": Offset {
    "category": "controls",
    "convert": "!!{VAL}",
    "description": "tail wheel locked",
    "length": undefined,
    "mapping": undefined,
    "name": "tailWheelLocked",
    "permission": "rw",
    "type": 6,
    "value": 10896,
  },
}
`;
