// Jest Snapshot v1, https://goo.gl/fbAQLP

exports[`offset - plane/engines offsets list should have required properties 1`] = `
Object {
  "activeEngine": Offset {
    "category": "engine",
    "convert": undefined,
    "description": "active engine pattern",
    "length": 1,
    "mapping": undefined,
    "name": "activeEngine",
    "permission": "rw",
    "type": 12,
    "value": 2184,
  },
  "engine1AntiIce": Offset {
    "category": "engine",
    "convert": "!!{VAL}",
    "description": "engine1 anti-ice/carb heat active",
    "length": undefined,
    "mapping": undefined,
    "name": "engine1AntiIce",
    "permission": "r",
    "type": 5,
    "value": 2226,
  },
  "engine1CHT": Offset {
    "category": "engine",
    "convert": undefined,
    "description": "engine1 cylinder head temperature - F",
    "length": undefined,
    "mapping": undefined,
    "name": "engine1CHT",
    "permission": "r",
    "type": 8,
    "value": 2280,
  },
  "engine1EGT": Offset {
    "category": "engine",
    "convert": "Math.round({VAL} * 860 / 16384)",
    "description": "engine1 exhaust gas temperature - Trust only on jet engine - celsius",
    "length": undefined,
    "mapping": undefined,
    "name": "engine1EGT",
    "permission": "r",
    "type": 2,
    "value": 2238,
  },
  "engine1Firing": Offset {
    "category": "engine",
    "convert": "!!{VAL}",
    "description": "engine 1 combustion",
    "length": undefined,
    "mapping": undefined,
    "name": "engine1Firing",
    "permission": "r",
    "type": 5,
    "value": 2196,
  },
  "engine1FuelElapsedTime": Offset {
    "category": "engine",
    "convert": undefined,
    "description": "engine1 fuel elapsed time - h",
    "length": undefined,
    "mapping": undefined,
    "name": "engine1FuelElapsedTime",
    "permission": "r",
    "type": 9,
    "value": 2320,
  },
  "engine1FuelFlowLbHour": Offset {
    "category": "engine",
    "convert": undefined,
    "description": "engine1 fuel elapsed time - lb/h",
    "length": undefined,
    "mapping": undefined,
    "name": "engine1FuelFlowLbHour",
    "permission": "r",
    "type": 8,
    "value": 2328,
  },
  "engine1FuelFlowLbHourSSL": Offset {
    "category": "engine",
    "convert": "{VAL} / 128",
    "description": "engine1 fuel flow (lb per hour, sea level)",
    "length": undefined,
    "mapping": undefined,
    "name": "engine1FuelFlowLbHourSSL",
    "permission": "r",
    "type": 5,
    "value": 2208,
  },
  "engine1FuelPres": Offset {
    "category": "engine",
    "convert": "{VAL} / 144",
    "description": "engine1 fuel pressure - PSI",
    "length": undefined,
    "mapping": undefined,
    "name": "engine1FuelPres",
    "permission": "r",
    "type": 3,
    "value": 2296,
  },
  "engine1FuelUsedSinceStart": Offset {
    "category": "engine",
    "convert": undefined,
    "description": "engine1 used fuel since start - lb",
    "length": undefined,
    "mapping": undefined,
    "name": "engine1FuelUsedSinceStart",
    "permission": "r",
    "type": 9,
    "value": 2316,
  },
  "engine1HydPres": Offset {
    "category": "engine",
    "convert": "{VAL} / 4",
    "description": "engine1 hydraulic pressure - PSI",
    "length": undefined,
    "mapping": undefined,
    "name": "engine1HydPres",
    "permission": "r",
    "type": 3,
    "value": 2264,
  },
  "engine1HydQuantity": Offset {
    "category": "engine",
    "convert": "{VAL} / 16384 * 100",
    "description": "engine1 hydraulic quantity - PSI",
    "length": undefined,
    "mapping": undefined,
    "name": "engine1HydQuantity",
    "permission": "r",
    "type": 3,
    "value": 2268,
  },
  "engine1ITT": Offset {
    "category": "engine",
    "convert": "{VAL} / 16384",
    "description": "engine1 turbine temperature - C",
    "length": undefined,
    "mapping": undefined,
    "name": "engine1ITT",
    "permission": "r",
    "type": 3,
    "value": 2288,
  },
  "engine1MP": Offset {
    "category": "engine",
    "convert": "{VAL} / 1024",
    "description": "engine1 manifold pressure - inHg",
    "length": undefined,
    "mapping": undefined,
    "name": "engine1MP",
    "permission": "r",
    "type": 5,
    "value": 2240,
  },
  "engine1MixtureLever": Offset {
    "category": "engine",
    "convert": "{VAL} / 16384 * 100",
    "description": "engine 1 prop lever - percent",
    "length": undefined,
    "mapping": undefined,
    "name": "engine1MixtureLever",
    "permission": "rw",
    "type": 2,
    "value": 2192,
  },
  "engine1N1": Offset {
    "category": "engine",
    "convert": "{VAL} / 16384 * 100",
    "description": "engine 1 N1 - also helo RPM %",
    "length": undefined,
    "mapping": undefined,
    "name": "engine1N1",
    "permission": "rw",
    "type": 2,
    "value": 2200,
  },
  "engine1N2": Offset {
    "category": "engine",
    "convert": "{VAL} / 16384 * 100",
    "description": "engine 1 N2 - also helo RPM %",
    "length": undefined,
    "mapping": undefined,
    "name": "engine1N2",
    "permission": "rw",
    "type": 2,
    "value": 2198,
  },
  "engine1OilPres": Offset {
    "category": "engine",
    "convert": "Math.round({VAL} * 55 / 16384)",
    "description": "engine1 oil pressure - PSI",
    "length": undefined,
    "mapping": undefined,
    "name": "engine1OilPres",
    "permission": "r",
    "type": 5,
    "value": 2234,
  },
  "engine1OilQuantity": Offset {
    "category": "engine",
    "convert": "Math.round({VAL} / 16384 * 100)",
    "description": "engine1 oil quantity - percent",
    "length": undefined,
    "mapping": undefined,
    "name": "engine1OilQuantity",
    "permission": "r",
    "type": 3,
    "value": 2256,
  },
  "engine1OilTemp": Offset {
    "category": "engine",
    "convert": "Math.round({VAL} * 140 / 16384)",
    "description": "engine1 oil temp - celsius",
    "length": undefined,
    "mapping": undefined,
    "name": "engine1OilTemp",
    "permission": "r",
    "type": 2,
    "value": 2232,
  },
  "engine1PressureRatio": Offset {
    "category": "engine",
    "convert": "{VAL} * 1.6 / 16384",
    "description": "engine1 pressure ratio",
    "length": undefined,
    "mapping": undefined,
    "name": "engine1PressureRatio",
    "permission": "r",
    "type": 2,
    "value": 2236,
  },
  "engine1PropLever": Offset {
    "category": "engine",
    "convert": "Math.round({VAL} < 0 ? {VAL} / 4096 * 100 : {VAL} / 16384 * 100)",
    "description": "engine 1 prop lever - percent - negative = reverse",
    "length": undefined,
    "mapping": undefined,
    "name": "engine1PropLever",
    "permission": "rw",
    "type": 2,
    "value": 2190,
  },
  "engine1PropRPM": Offset {
    "category": "engine",
    "convert": "{VAL} / 16384 / 65536",
    "description": "derive RPM by multiplying by  - negative = counter-rotating propeller",
    "length": undefined,
    "mapping": undefined,
    "name": "engine1PropRPM",
    "permission": "rw",
    "type": 2,
    "value": 2200,
  },
  "engine1RPMScaler": Offset {
    "category": "engine",
    "convert": undefined,
    "description": "engine1 RPM Scaler - props: used to calculate RPM",
    "length": undefined,
    "mapping": undefined,
    "name": "engine1RPMScaler",
    "permission": "r",
    "type": 2,
    "value": 2248,
  },
  "engine1StarterSwitchPosition": Offset {
    "category": "engine",
    "convert": undefined,
    "description": "engine1 start switch position - JET: 0=off 1=start 2=gen/alt - PROP: 0=off 1=right 2=left 3=both 4=start",
    "length": undefined,
    "mapping": undefined,
    "name": "engine1StarterSwitchPosition",
    "permission": "rw",
    "type": 5,
    "value": 2194,
  },
  "engine1ThrottleLever": Offset {
    "category": "engine",
    "convert": "Math.round({VAL} < 0 ? {VAL} / 4096 * 100 : {VAL} / 16384 * 100)",
    "description": "engine 1 throttle lever - percent - negative = reverse",
    "length": undefined,
    "mapping": undefined,
    "name": "engine1ThrottleLever",
    "permission": "r",
    "type": 2,
    "value": 2188,
  },
  "engine1ThrottleLeverControl": Offset {
    "category": "engine",
    "convert": undefined,
    "description": "engine1 throttle lever control - -4096 to +16384",
    "length": undefined,
    "mapping": undefined,
    "name": "engine1ThrottleLeverControl",
    "permission": "rw",
    "type": 2,
    "value": 2202,
  },
  "engine1Torque": Offset {
    "category": "engine",
    "convert": "{VAL} / 16384 * 100",
    "description": "engine1 torque - trust only for helo - percent",
    "length": undefined,
    "mapping": undefined,
    "name": "engine1Torque",
    "permission": "r",
    "type": 3,
    "value": 2292,
  },
  "engine1TorqueFtLb": Offset {
    "category": "engine",
    "convert": undefined,
    "description": "engine1 fuel elapsed time - ft lb",
    "length": undefined,
    "mapping": undefined,
    "name": "engine1TorqueFtLb",
    "permission": "r",
    "type": 9,
    "value": 2336,
  },
  "engine1Vibration": Offset {
    "category": "engine",
    "convert": "Math.round({VAL} * 5 / 16384)",
    "description": "engine1 vibration",
    "length": undefined,
    "mapping": undefined,
    "name": "engine1Vibration",
    "permission": "r",
    "type": 3,
    "value": 2260,
  },
  "engine2AntiIce": Offset {
    "category": "engine",
    "convert": "!!{VAL}",
    "description": "engine2 anti-ice/carb heat active",
    "length": undefined,
    "mapping": undefined,
    "name": "engine2AntiIce",
    "permission": "r",
    "type": 5,
    "value": 2378,
  },
  "engine2CHT": Offset {
    "category": "engine",
    "convert": undefined,
    "description": "engine2 cylinder head temperature - F",
    "length": undefined,
    "mapping": undefined,
    "name": "engine2CHT",
    "permission": "r",
    "type": 8,
    "value": 2432,
  },
  "engine2EGT": Offset {
    "category": "engine",
    "convert": "Math.round({VAL} * 860 / 16384)",
    "description": "engine2 exhaust gas temperature - Trust only on jet engine - celsius",
    "length": undefined,
    "mapping": undefined,
    "name": "engine2EGT",
    "permission": "r",
    "type": 2,
    "value": 2390,
  },
  "engine2Firing": Offset {
    "category": "engine",
    "convert": "!!{VAL}",
    "description": "engine 2 combustion",
    "length": undefined,
    "mapping": undefined,
    "name": "engine2Firing",
    "permission": "r",
    "type": 5,
    "value": 2348,
  },
  "engine2FuelElapsedTime": Offset {
    "category": "engine",
    "convert": undefined,
    "description": "engine2 fuel elapsed time - h",
    "length": undefined,
    "mapping": undefined,
    "name": "engine2FuelElapsedTime",
    "permission": "r",
    "type": 9,
    "value": 2472,
  },
  "engine2FuelFlowLbHour": Offset {
    "category": "engine",
    "convert": undefined,
    "description": "engine2 fuel elapsed time - lb/h",
    "length": undefined,
    "mapping": undefined,
    "name": "engine2FuelFlowLbHour",
    "permission": "r",
    "type": 8,
    "value": 2480,
  },
  "engine2FuelFlowLbHourSSL": Offset {
    "category": "engine",
    "convert": "{VAL} / 128",
    "description": "engine2 fuel flow (lb per hour, sea level)",
    "length": undefined,
    "mapping": undefined,
    "name": "engine2FuelFlowLbHourSSL",
    "permission": "r",
    "type": 5,
    "value": 2360,
  },
  "engine2FuelPres": Offset {
    "category": "engine",
    "convert": "{VAL} / 144",
    "description": "engine2 fuel pressure - PSI",
    "length": undefined,
    "mapping": undefined,
    "name": "engine2FuelPres",
    "permission": "r",
    "type": 3,
    "value": 2448,
  },
  "engine2FuelUsedSinceStart": Offset {
    "category": "engine",
    "convert": undefined,
    "description": "engine2 used fuel since start - lb",
    "length": undefined,
    "mapping": undefined,
    "name": "engine2FuelUsedSinceStart",
    "permission": "r",
    "type": 9,
    "value": 2468,
  },
  "engine2HydPres": Offset {
    "category": "engine",
    "convert": "{VAL} / 4",
    "description": "engine2 hydraulic pressure - PSI",
    "length": undefined,
    "mapping": undefined,
    "name": "engine2HydPres",
    "permission": "r",
    "type": 3,
    "value": 2416,
  },
  "engine2HydQuantity": Offset {
    "category": "engine",
    "convert": "{VAL} / 16384 * 100",
    "description": "engine2 hydraulic quantity - percent",
    "length": undefined,
    "mapping": undefined,
    "name": "engine2HydQuantity",
    "permission": "r",
    "type": 3,
    "value": 2420,
  },
  "engine2ITT": Offset {
    "category": "engine",
    "convert": "{VAL} / 16384",
    "description": "engine2 turbine temperature - C",
    "length": undefined,
    "mapping": undefined,
    "name": "engine2ITT",
    "permission": "r",
    "type": 3,
    "value": 2440,
  },
  "engine2MP": Offset {
    "category": "engine",
    "convert": "{VAL} / 1024",
    "description": "engine2 manifold pressure - inHg",
    "length": undefined,
    "mapping": undefined,
    "name": "engine2MP",
    "permission": "r",
    "type": 5,
    "value": 2392,
  },
  "engine2MixtureLever": Offset {
    "category": "engine",
    "convert": "{VAL} / 16384 * 100",
    "description": "engine 2 prop lever - percent",
    "length": undefined,
    "mapping": undefined,
    "name": "engine2MixtureLever",
    "permission": "rw",
    "type": 2,
    "value": 2344,
  },
  "engine2N1": Offset {
    "category": "engine",
    "convert": "{VAL} / 16384 * 100",
    "description": "engine 2 N1 - also helo RPM %",
    "length": undefined,
    "mapping": undefined,
    "name": "engine2N1",
    "permission": "rw",
    "type": 2,
    "value": 2352,
  },
  "engine2N2": Offset {
    "category": "engine",
    "convert": "{VAL} / 16384 * 100",
    "description": "engine 2 N2 - also helo RPM %",
    "length": undefined,
    "mapping": undefined,
    "name": "engine2N2",
    "permission": "rw",
    "type": 2,
    "value": 2350,
  },
  "engine2OilPres": Offset {
    "category": "engine",
    "convert": "Math.round({VAL} * 55 / 16384)",
    "description": "engine2 oil pressure - PSI",
    "length": undefined,
    "mapping": undefined,
    "name": "engine2OilPres",
    "permission": "r",
    "type": 5,
    "value": 2386,
  },
  "engine2OilQuantity": Offset {
    "category": "engine",
    "convert": "Math.round({VAL} / 16384 * 100)",
    "description": "engine2 oil quantity - percent",
    "length": undefined,
    "mapping": undefined,
    "name": "engine2OilQuantity",
    "permission": "r",
    "type": 3,
    "value": 2408,
  },
  "engine2OilTemp": Offset {
    "category": "engine",
    "convert": "Math.round({VAL} * 140 / 16384)",
    "description": "engine2 oil temp - celsius",
    "length": undefined,
    "mapping": undefined,
    "name": "engine2OilTemp",
    "permission": "r",
    "type": 2,
    "value": 2384,
  },
  "engine2PressureRatio": Offset {
    "category": "engine",
    "convert": "{VAL} * 1.6 / 16384",
    "description": "engine2 pressure ratio",
    "length": undefined,
    "mapping": undefined,
    "name": "engine2PressureRatio",
    "permission": "r",
    "type": 2,
    "value": 2388,
  },
  "engine2PropLever": Offset {
    "category": "engine",
    "convert": "Math.round({VAL} < 0 ? {VAL} / 4096 * 100 : {VAL} / 16384 * 100)",
    "description": "engine 2 prop lever - percent - negative = reverse",
    "length": undefined,
    "mapping": undefined,
    "name": "engine2PropLever",
    "permission": "rw",
    "type": 2,
    "value": 2342,
  },
  "engine2PropRPM": Offset {
    "category": "engine",
    "convert": "{VAL} / 16384 / 65536",
    "description": "derive RPM by multiplying by  - negative = counter-rotating propeller",
    "length": undefined,
    "mapping": undefined,
    "name": "engine2PropRPM",
    "permission": "rw",
    "type": 2,
    "value": 2352,
  },
  "engine2RPMScaler": Offset {
    "category": "engine",
    "convert": undefined,
    "description": "engine2 RPM Scaler - props: used to calculate RPM",
    "length": undefined,
    "mapping": undefined,
    "name": "engine2RPMScaler",
    "permission": "r",
    "type": 2,
    "value": 2400,
  },
  "engine2StarterSwitchPosition": Offset {
    "category": "engine",
    "convert": undefined,
    "description": "engine2 start switch position - JET: 0=off 1=start 2=gen/alt - PROP: 0=off 1=right 2=left 3=both 4=start",
    "length": undefined,
    "mapping": undefined,
    "name": "engine2StarterSwitchPosition",
    "permission": "rw",
    "type": 5,
    "value": 2346,
  },
  "engine2ThrottleLever": Offset {
    "category": "engine",
    "convert": "Math.round({VAL} < 0 ? {VAL} / 4096 * 100 : {VAL} / 16384 * 100)",
    "description": "engine 2 throttle lever - percent - negative = reverse",
    "length": undefined,
    "mapping": undefined,
    "name": "engine2ThrottleLever",
    "permission": "r",
    "type": 2,
    "value": 2340,
  },
  "engine2ThrottleLeverControl": Offset {
    "category": "engine",
    "convert": undefined,
    "description": "engine2 throttle lever control - -4096 to +16384",
    "length": undefined,
    "mapping": undefined,
    "name": "engine2ThrottleLeverControl",
    "permission": "rw",
    "type": 2,
    "value": 2354,
  },
  "engine2Torque": Offset {
    "category": "engine",
    "convert": "{VAL} / 16384 * 100",
    "description": "engine2 torque - trust only for helo - percent",
    "length": undefined,
    "mapping": undefined,
    "name": "engine2Torque",
    "permission": "r",
    "type": 3,
    "value": 2444,
  },
  "engine2TorqueFtLb": Offset {
    "category": "engine",
    "convert": undefined,
    "description": "engine2 fuel elapsed time - ft lb",
    "length": undefined,
    "mapping": undefined,
    "name": "engine2TorqueFtLb",
    "permission": "r",
    "type": 9,
    "value": 2488,
  },
  "engine2Vibration": Offset {
    "category": "engine",
    "convert": "Math.round({VAL} * 5 / 16384)",
    "description": "engine2 vibration",
    "length": undefined,
    "mapping": undefined,
    "name": "engine2Vibration",
    "permission": "r",
    "type": 3,
    "value": 2412,
  },
  "engine3AntiIce": Offset {
    "category": "engine",
    "convert": "!!{VAL}",
    "description": "engine3 anti-ice/carb heat active",
    "length": undefined,
    "mapping": undefined,
    "name": "engine3AntiIce",
    "permission": "r",
    "type": 5,
    "value": 2530,
  },
  "engine3CHT": Offset {
    "category": "engine",
    "convert": undefined,
    "description": "engine3 cylinder head temperature - F",
    "length": undefined,
    "mapping": undefined,
    "name": "engine3CHT",
    "permission": "r",
    "type": 8,
    "value": 2584,
  },
  "engine3EGT": Offset {
    "category": "engine",
    "convert": "Math.round({VAL} * 860 / 16384)",
    "description": "engine3 exhaust gas temperature - Trust only on jet engine - celsius",
    "length": undefined,
    "mapping": undefined,
    "name": "engine3EGT",
    "permission": "r",
    "type": 2,
    "value": 2542,
  },
  "engine3Firing": Offset {
    "category": "engine",
    "convert": "!!{VAL}",
    "description": "engine 3 combustion",
    "length": undefined,
    "mapping": undefined,
    "name": "engine3Firing",
    "permission": "r",
    "type": 5,
    "value": 2500,
  },
  "engine3FuelElapsedTime": Offset {
    "category": "engine",
    "convert": undefined,
    "description": "engine3 fuel elapsed time - h",
    "length": undefined,
    "mapping": undefined,
    "name": "engine3FuelElapsedTime",
    "permission": "r",
    "type": 9,
    "value": 2624,
  },
  "engine3FuelFlowLbHour": Offset {
    "category": "engine",
    "convert": undefined,
    "description": "engine3 fuel elapsed time - lb/h",
    "length": undefined,
    "mapping": undefined,
    "name": "engine3FuelFlowLbHour",
    "permission": "r",
    "type": 8,
    "value": 2632,
  },
  "engine3FuelFlowLbHourSSL": Offset {
    "category": "engine",
    "convert": "{VAL} / 128",
    "description": "engine3 fuel flow (lb per hour, sea level)",
    "length": undefined,
    "mapping": undefined,
    "name": "engine3FuelFlowLbHourSSL",
    "permission": "r",
    "type": 5,
    "value": 2512,
  },
  "engine3FuelPres": Offset {
    "category": "engine",
    "convert": "{VAL} / 144",
    "description": "engine3 fuel pressure - PSI",
    "length": undefined,
    "mapping": undefined,
    "name": "engine3FuelPres",
    "permission": "r",
    "type": 3,
    "value": 2600,
  },
  "engine3FuelUsedSinceStart": Offset {
    "category": "engine",
    "convert": undefined,
    "description": "engine3 used fuel since start - lb",
    "length": undefined,
    "mapping": undefined,
    "name": "engine3FuelUsedSinceStart",
    "permission": "r",
    "type": 9,
    "value": 2620,
  },
  "engine3HydPres": Offset {
    "category": "engine",
    "convert": "{VAL} / 4",
    "description": "engine3 hydraulic pressure - PSI",
    "length": undefined,
    "mapping": undefined,
    "name": "engine3HydPres",
    "permission": "r",
    "type": 3,
    "value": 2568,
  },
  "engine3HydQuantity": Offset {
    "category": "engine",
    "convert": "{VAL} / 16384 * 100",
    "description": "engine3 hydraulic quantity - percent",
    "length": undefined,
    "mapping": undefined,
    "name": "engine3HydQuantity",
    "permission": "r",
    "type": 3,
    "value": 2572,
  },
  "engine3ITT": Offset {
    "category": "engine",
    "convert": "{VAL} / 16384",
    "description": "engine3 turbine temperature - C",
    "length": undefined,
    "mapping": undefined,
    "name": "engine3ITT",
    "permission": "r",
    "type": 3,
    "value": 2592,
  },
  "engine3MP": Offset {
    "category": "engine",
    "convert": "{VAL} / 1024",
    "description": "engine3 manifold pressure - inHg",
    "length": undefined,
    "mapping": undefined,
    "name": "engine3MP",
    "permission": "r",
    "type": 5,
    "value": 2544,
  },
  "engine3MixtureLever": Offset {
    "category": "engine",
    "convert": "{VAL} / 16384 * 100",
    "description": "engine 3 prop lever - percent",
    "length": undefined,
    "mapping": undefined,
    "name": "engine3MixtureLever",
    "permission": "rw",
    "type": 2,
    "value": 2496,
  },
  "engine3N1": Offset {
    "category": "engine",
    "convert": "{VAL} / 16384 * 100",
    "description": "engine 3 N1 - also helo RPM %",
    "length": undefined,
    "mapping": undefined,
    "name": "engine3N1",
    "permission": "rw",
    "type": 2,
    "value": 2504,
  },
  "engine3N2": Offset {
    "category": "engine",
    "convert": "{VAL} / 16384 * 100",
    "description": "engine 3 N2 - also helo RPM %",
    "length": undefined,
    "mapping": undefined,
    "name": "engine3N2",
    "permission": "rw",
    "type": 2,
    "value": 2502,
  },
  "engine3OilPres": Offset {
    "category": "engine",
    "convert": "Math.round({VAL} * 55 / 16384)",
    "description": "engine3 oil pressure - PSI",
    "length": undefined,
    "mapping": undefined,
    "name": "engine3OilPres",
    "permission": "r",
    "type": 5,
    "value": 2538,
  },
  "engine3OilQuantity": Offset {
    "category": "engine",
    "convert": "Math.round({VAL} / 16384 * 100)",
    "description": "engine3 oil quantity - percent",
    "length": undefined,
    "mapping": undefined,
    "name": "engine3OilQuantity",
    "permission": "r",
    "type": 3,
    "value": 2560,
  },
  "engine3OilTemp": Offset {
    "category": "engine",
    "convert": "Math.round({VAL} * 140 / 16384)",
    "description": "engine3 oil temp - celsius",
    "length": undefined,
    "mapping": undefined,
    "name": "engine3OilTemp",
    "permission": "r",
    "type": 2,
    "value": 2536,
  },
  "engine3PressureRatio": Offset {
    "category": "engine",
    "convert": "{VAL} * 1.6 / 16384",
    "description": "engine3 pressure ratio",
    "length": undefined,
    "mapping": undefined,
    "name": "engine3PressureRatio",
    "permission": "r",
    "type": 2,
    "value": 2540,
  },
  "engine3PropLever": Offset {
    "category": "engine",
    "convert": "Math.round({VAL} < 0 ? {VAL} / 4096 * 100 : {VAL} / 16384 * 100)",
    "description": "engine 3 prop lever - percent - negative = reverse",
    "length": undefined,
    "mapping": undefined,
    "name": "engine3PropLever",
    "permission": "rw",
    "type": 2,
    "value": 2494,
  },
  "engine3PropRPM": Offset {
    "category": "engine",
    "convert": "{VAL} / 16384 / 65536",
    "description": "derive RPM by multiplying by  - negative = counter-rotating propeller",
    "length": undefined,
    "mapping": undefined,
    "name": "engine3PropRPM",
    "permission": "rw",
    "type": 2,
    "value": 2504,
  },
  "engine3RPMScaler": Offset {
    "category": "engine",
    "convert": undefined,
    "description": "engine3 RPM Scaler - props: used to calculate RPM",
    "length": undefined,
    "mapping": undefined,
    "name": "engine3RPMScaler",
    "permission": "r",
    "type": 2,
    "value": 2552,
  },
  "engine3StarterSwitchPosition": Offset {
    "category": "engine",
    "convert": undefined,
    "description": "engine3 start switch position - JET: 0=off 1=start 2=gen/alt - PROP: 0=off 1=right 2=left 3=both 4=start",
    "length": undefined,
    "mapping": undefined,
    "name": "engine3StarterSwitchPosition",
    "permission": "rw",
    "type": 5,
    "value": 2498,
  },
  "engine3ThrottleLever": Offset {
    "category": "engine",
    "convert": "Math.round({VAL} < 0 ? {VAL} / 4096 * 100 : {VAL} / 16384 * 100)",
    "description": "engine 3 throttle lever - percent - negative = reverse",
    "length": undefined,
    "mapping": undefined,
    "name": "engine3ThrottleLever",
    "permission": "r",
    "type": 2,
    "value": 2492,
  },
  "engine3ThrottleLeverControl": Offset {
    "category": "engine",
    "convert": undefined,
    "description": "engine3 throttle lever control - -4096 to +16384",
    "length": undefined,
    "mapping": undefined,
    "name": "engine3ThrottleLeverControl",
    "permission": "rw",
    "type": 2,
    "value": 2506,
  },
  "engine3Torque": Offset {
    "category": "engine",
    "convert": "{VAL} / 16384 * 100",
    "description": "engine3 torque - trust only for helo - percent",
    "length": undefined,
    "mapping": undefined,
    "name": "engine3Torque",
    "permission": "r",
    "type": 3,
    "value": 2596,
  },
  "engine3TorqueFtLb": Offset {
    "category": "engine",
    "convert": undefined,
    "description": "engine3 fuel elapsed time - ft lb",
    "length": undefined,
    "mapping": undefined,
    "name": "engine3TorqueFtLb",
    "permission": "r",
    "type": 9,
    "value": 2640,
  },
  "engine3Vibration": Offset {
    "category": "engine",
    "convert": "Math.round({VAL} * 5 / 16384)",
    "description": "engine3 vibration",
    "length": undefined,
    "mapping": undefined,
    "name": "engine3Vibration",
    "permission": "r",
    "type": 3,
    "value": 2564,
  },
  "engine4AntiIce": Offset {
    "category": "engine",
    "convert": "!!{VAL}",
    "description": "engine4 anti-ice/carb heat active",
    "length": undefined,
    "mapping": undefined,
    "name": "engine4AntiIce",
    "permission": "r",
    "type": 5,
    "value": 2682,
  },
  "engine4CHT": Offset {
    "category": "engine",
    "convert": undefined,
    "description": "engine4 cylinder head temperature - F",
    "length": undefined,
    "mapping": undefined,
    "name": "engine4CHT",
    "permission": "r",
    "type": 8,
    "value": 2736,
  },
  "engine4EGT": Offset {
    "category": "engine",
    "convert": "Math.round({VAL} * 860 / 16384)",
    "description": "engine4 exhaust gas temperature - Trust only on jet engine - celsius",
    "length": undefined,
    "mapping": undefined,
    "name": "engine4EGT",
    "permission": "r",
    "type": 2,
    "value": 2694,
  },
  "engine4Firing": Offset {
    "category": "engine",
    "convert": "!!{VAL}",
    "description": "engine 4 combustion",
    "length": undefined,
    "mapping": undefined,
    "name": "engine4Firing",
    "permission": "r",
    "type": 5,
    "value": 2652,
  },
  "engine4FuelElapsedTime": Offset {
    "category": "engine",
    "convert": undefined,
    "description": "engine4 fuel elapsed time - h",
    "length": undefined,
    "mapping": undefined,
    "name": "engine4FuelElapsedTime",
    "permission": "r",
    "type": 9,
    "value": 2776,
  },
  "engine4FuelFlowLbHour": Offset {
    "category": "engine",
    "convert": undefined,
    "description": "engine4 fuel elapsed time - lb/h",
    "length": undefined,
    "mapping": undefined,
    "name": "engine4FuelFlowLbHour",
    "permission": "r",
    "type": 8,
    "value": 2784,
  },
  "engine4FuelFlowLbHourSSL": Offset {
    "category": "engine",
    "convert": "{VAL} / 128",
    "description": "engine4 fuel flow (lb per hour, sea level)",
    "length": undefined,
    "mapping": undefined,
    "name": "engine4FuelFlowLbHourSSL",
    "permission": "r",
    "type": 5,
    "value": 2664,
  },
  "engine4FuelPres": Offset {
    "category": "engine",
    "convert": "{VAL} / 144",
    "description": "engine4 fuel pressure - PSI",
    "length": undefined,
    "mapping": undefined,
    "name": "engine4FuelPres",
    "permission": "r",
    "type": 3,
    "value": 2752,
  },
  "engine4FuelUsedSinceStart": Offset {
    "category": "engine",
    "convert": undefined,
    "description": "engine4 used fuel since start - lb",
    "length": undefined,
    "mapping": undefined,
    "name": "engine4FuelUsedSinceStart",
    "permission": "r",
    "type": 9,
    "value": 2772,
  },
  "engine4HydPres": Offset {
    "category": "engine",
    "convert": "{VAL} / 4",
    "description": "engine4 hydraulic pressure - PSI",
    "length": undefined,
    "mapping": undefined,
    "name": "engine4HydPres",
    "permission": "r",
    "type": 3,
    "value": 2720,
  },
  "engine4HydQuantity": Offset {
    "category": "engine",
    "convert": "{VAL} / 16384 * 100",
    "description": "engine4 hydraulic quantity - percent",
    "length": undefined,
    "mapping": undefined,
    "name": "engine4HydQuantity",
    "permission": "r",
    "type": 3,
    "value": 2724,
  },
  "engine4ITT": Offset {
    "category": "engine",
    "convert": "{VAL} / 16384",
    "description": "engine4 turbine temperature - C",
    "length": undefined,
    "mapping": undefined,
    "name": "engine4ITT",
    "permission": "r",
    "type": 3,
    "value": 2744,
  },
  "engine4MP": Offset {
    "category": "engine",
    "convert": "{VAL} / 1024",
    "description": "engine4 manifold pressure - inHg",
    "length": undefined,
    "mapping": undefined,
    "name": "engine4MP",
    "permission": "r",
    "type": 5,
    "value": 2696,
  },
  "engine4MixtureLever": Offset {
    "category": "engine",
    "convert": "{VAL} / 16384 * 100",
    "description": "engine 4 prop lever - percent",
    "length": undefined,
    "mapping": undefined,
    "name": "engine4MixtureLever",
    "permission": "rw",
    "type": 2,
    "value": 2648,
  },
  "engine4N1": Offset {
    "category": "engine",
    "convert": "{VAL} / 16384 * 100",
    "description": "engine 4 N1 - also helo RPM %",
    "length": undefined,
    "mapping": undefined,
    "name": "engine4N1",
    "permission": "rw",
    "type": 2,
    "value": 2656,
  },
  "engine4N2": Offset {
    "category": "engine",
    "convert": "{VAL} / 16384 * 100",
    "description": "engine 4 N2 - also helo RPM %",
    "length": undefined,
    "mapping": undefined,
    "name": "engine4N2",
    "permission": "rw",
    "type": 2,
    "value": 2654,
  },
  "engine4OilPres": Offset {
    "category": "engine",
    "convert": "Math.round({VAL} * 55 / 16384)",
    "description": "engine4 oil pressure - PSI",
    "length": undefined,
    "mapping": undefined,
    "name": "engine4OilPres",
    "permission": "r",
    "type": 5,
    "value": 2690,
  },
  "engine4OilQuantity": Offset {
    "category": "engine",
    "convert": "Math.round({VAL} / 16384 * 100)",
    "description": "engine4 oil quantity - percent",
    "length": undefined,
    "mapping": undefined,
    "name": "engine4OilQuantity",
    "permission": "r",
    "type": 3,
    "value": 2712,
  },
  "engine4OilTemp": Offset {
    "category": "engine",
    "convert": "Math.round({VAL} * 140 / 16384)",
    "description": "engine4 oil temp - celsius",
    "length": undefined,
    "mapping": undefined,
    "name": "engine4OilTemp",
    "permission": "r",
    "type": 2,
    "value": 2688,
  },
  "engine4PressureRatio": Offset {
    "category": "engine",
    "convert": "{VAL} * 1.6 / 16384",
    "description": "engine4 pressure ratio",
    "length": undefined,
    "mapping": undefined,
    "name": "engine4PressureRatio",
    "permission": "r",
    "type": 2,
    "value": 2692,
  },
  "engine4PropLever": Offset {
    "category": "engine",
    "convert": "Math.round({VAL} < 0 ? {VAL} / 4096 * 100 : {VAL} / 16384 * 100)",
    "description": "engine 4 prop lever - percent - negative = reverse",
    "length": undefined,
    "mapping": undefined,
    "name": "engine4PropLever",
    "permission": "rw",
    "type": 2,
    "value": 2646,
  },
  "engine4PropRPM": Offset {
    "category": "engine",
    "convert": "{VAL} / 16384 / 65536",
    "description": "derive RPM by multiplying by  - negative = counter-rotating propeller",
    "length": undefined,
    "mapping": undefined,
    "name": "engine4PropRPM",
    "permission": "rw",
    "type": 2,
    "value": 2656,
  },
  "engine4RPMScaler": Offset {
    "category": "engine",
    "convert": undefined,
    "description": "engine4 RPM Scaler - props: used to calculate RPM",
    "length": undefined,
    "mapping": undefined,
    "name": "engine4RPMScaler",
    "permission": "r",
    "type": 2,
    "value": 2704,
  },
  "engine4StarterSwitchPosition": Offset {
    "category": "engine",
    "convert": undefined,
    "description": "engine4 start switch position - JET: 0=off 1=start 2=gen/alt - PROP: 0=off 1=right 2=left 3=both 4=start",
    "length": undefined,
    "mapping": undefined,
    "name": "engine4StarterSwitchPosition",
    "permission": "rw",
    "type": 5,
    "value": 2650,
  },
  "engine4ThrottleLever": Offset {
    "category": "engine",
    "convert": "Math.round({VAL} < 0 ? {VAL} / 4096 * 100 : {VAL} / 16384 * 100)",
    "description": "engine 4 throttle lever - percent - negative = reverse",
    "length": undefined,
    "mapping": undefined,
    "name": "engine4ThrottleLever",
    "permission": "r",
    "type": 2,
    "value": 2644,
  },
  "engine4ThrottleLeverControl": Offset {
    "category": "engine",
    "convert": undefined,
    "description": "engine4 throttle lever control - -4096 to +16384",
    "length": undefined,
    "mapping": undefined,
    "name": "engine4ThrottleLeverControl",
    "permission": "rw",
    "type": 2,
    "value": 2658,
  },
  "engine4Torque": Offset {
    "category": "engine",
    "convert": "{VAL} / 16384 * 100",
    "description": "engine4 torque - trust only for helo - percent",
    "length": undefined,
    "mapping": undefined,
    "name": "engine4Torque",
    "permission": "r",
    "type": 3,
    "value": 2748,
  },
  "engine4TorqueFtLb": Offset {
    "category": "engine",
    "convert": undefined,
    "description": "engine4 fuel elapsed time - ft lb",
    "length": undefined,
    "mapping": undefined,
    "name": "engine4TorqueFtLb",
    "permission": "r",
    "type": 9,
    "value": 2792,
  },
  "engine4Vibration": Offset {
    "category": "engine",
    "convert": "Math.round({VAL} * 5 / 16384)",
    "description": "engine4 vibration",
    "length": undefined,
    "mapping": undefined,
    "name": "engine4Vibration",
    "permission": "r",
    "type": 3,
    "value": 2716,
  },
  "engineType": Offset {
    "category": "engine",
    "convert": "engineType",
    "description": "engine type",
    "length": undefined,
    "mapping": true,
    "name": "engineType",
    "permission": "r",
    "type": 0,
    "value": 1545,
  },
  "enginesCount": Offset {
    "category": "engine",
    "convert": undefined,
    "description": "engines count",
    "length": undefined,
    "mapping": undefined,
    "name": "enginesCount",
    "permission": "r",
    "type": 2,
    "value": 2796,
  },
  "hasCarbHeat": Offset {
    "category": "engine",
    "convert": "!!{VAL}",
    "description": "has carb heat",
    "length": undefined,
    "mapping": undefined,
    "name": "hasCarbHeat",
    "permission": "r",
    "type": 6,
    "value": 1924,
  },
  "hasMixtureControl": Offset {
    "category": "engine",
    "convert": "!!{VAL}",
    "description": "has mixture control",
    "length": undefined,
    "mapping": undefined,
    "name": "hasMixtureControl",
    "permission": "r",
    "type": 6,
    "value": 1920,
  },
  "throttleLowerLimit": Offset {
    "category": "engine",
    "convert": "Math.round({VAL} < 0 ? {VAL} / 4096 * 100 : {VAL} / 16384 * 100)",
    "description": "throttle lower limit - percent - negative = reverse capable",
    "length": undefined,
    "mapping": undefined,
    "name": "throttleLowerLimit",
    "permission": "r",
    "type": 2,
    "value": 2816,
  },
}
`;
