// Jest Snapshot v1, https://goo.gl/fbAQLP

exports[`offset - plane/helicopter offsets list should have required properties 1`] = `
Object {
  "governorSwitch": Offset {
    "category": "helicopter",
    "convert": "!!{VAL}",
    "description": "governor switch activated - Robinson only",
    "length": undefined,
    "mapping": undefined,
    "name": "governorSwitch",
    "permission": "rw",
    "type": 0,
    "value": 2086,
  },
  "helicopterEngine1ElectricalLoad": Offset {
    "category": "engine",
    "convert": "{VAL} / 16384 * 100",
    "description": "engine1 electrical load - trust only for helo - percent",
    "length": undefined,
    "mapping": undefined,
    "name": "helicopterEngine1ElectricalLoad",
    "permission": "r",
    "type": 6,
    "value": 2300,
  },
  "helicopterEngine1RPM": Offset {
    "category": "engine",
    "convert": undefined,
    "description": "engine 1 RPM %",
    "length": undefined,
    "mapping": undefined,
    "name": "helicopterEngine1RPM",
    "permission": "rw",
    "type": 5,
    "value": 2198,
  },
  "helicopterEngine1RPMUnscaled": Offset {
    "category": "engine",
    "convert": undefined,
    "description": "engine 1 RPM unscalled - multiply by engineRPMScaler to obtain derivated RPM",
    "length": undefined,
    "mapping": undefined,
    "name": "helicopterEngine1RPMUnscaled",
    "permission": "rw",
    "type": 5,
    "value": 2200,
  },
  "helicopterEngine1RotorRPM": Offset {
    "category": "engine",
    "convert": "{VAL} / 16384 * 100",
    "description": "engine1 rotor RPM - percent",
    "length": undefined,
    "mapping": undefined,
    "name": "helicopterEngine1RotorRPM",
    "permission": "r",
    "type": 6,
    "value": 2312,
  },
  "helicopterEngine1TransmOilPres": Offset {
    "category": "engine",
    "convert": "{VAL} / 16384",
    "description": "engine1 transmission oil pressure - trust only for helo - PSI",
    "length": undefined,
    "mapping": undefined,
    "name": "helicopterEngine1TransmOilPres",
    "permission": "r",
    "type": 6,
    "value": 2304,
  },
  "helicopterEngine1TransmOilTemp": Offset {
    "category": "engine",
    "convert": "{VAL} / 16384",
    "description": "engine1 transmission oil temperature - trust only for helo - C",
    "length": undefined,
    "mapping": undefined,
    "name": "helicopterEngine1TransmOilTemp",
    "permission": "r",
    "type": 6,
    "value": 2308,
  },
  "rotorBreakApplication": Offset {
    "category": "helicopter",
    "convert": "Math.round({VAL} / 16384 * 100)",
    "description": "rotor brake application - percent - Robinson only",
    "length": undefined,
    "mapping": undefined,
    "name": "rotorBreakApplication",
    "permission": "rw",
    "type": 5,
    "value": 2082,
  },
  "rotorChipWarning": Offset {
    "category": "helicopter",
    "convert": "!!{VAL}",
    "description": "rotor chip detected - Rbinson only",
    "length": undefined,
    "mapping": undefined,
    "name": "rotorChipWarning",
    "permission": "rw",
    "type": 0,
    "value": 2080,
  },
  "rotorClutchActive": Offset {
    "category": "helicopter",
    "convert": "!!{VAL}",
    "description": "rotor clutch active - Robinson only",
    "length": undefined,
    "mapping": undefined,
    "name": "rotorClutchActive",
    "permission": "rw",
    "type": 0,
    "value": 2079,
  },
  "rotorGovWarning": Offset {
    "category": "helicopter",
    "convert": "!!{VAL}",
    "description": "rotor gov active - Rbinson only",
    "length": undefined,
    "mapping": undefined,
    "name": "rotorGovWarning",
    "permission": "rw",
    "type": 0,
    "value": 2081,
  },
  "rotorLateralTrim": Offset {
    "category": "helicopter",
    "convert": "Math.round({VAL} / 16384 * 100)",
    "description": "rotor lateral trim - percent - Robinson only",
    "length": undefined,
    "mapping": undefined,
    "name": "rotorLateralTrim",
    "permission": "rw",
    "type": 5,
    "value": 2084,
  },
  "rotorTransmissionTemp": Offset {
    "category": "helicopter",
    "convert": undefined,
    "description": "rotor transmission temp - degrees Rankine - read only",
    "length": undefined,
    "mapping": undefined,
    "name": "rotorTransmissionTemp",
    "permission": "r",
    "type": 8,
    "value": 2088,
  },
  "rotorbreakActive": Offset {
    "category": "helicopter",
    "convert": "!!{VAL}",
    "description": "rotor brake active - Robinson only",
    "length": undefined,
    "mapping": undefined,
    "name": "rotorbreakActive",
    "permission": "rw",
    "type": 0,
    "value": 2078,
  },
}
`;
