// Jest Snapshot v1, https://goo.gl/fbAQLP

exports[`offset - plane/hydraulic offsets list should have required properties 1`] = `
Object {
  "hyd1Pressure": Offset {
    "category": "hydraulic",
    "convert": undefined,
    "description": "hyd1 pressure",
    "length": undefined,
    "mapping": undefined,
    "name": "hyd1Pressure",
    "permission": "r",
    "type": 8,
    "value": 11016,
  },
  "hyd1Reservoir": Offset {
    "category": "hydraulic",
    "convert": "doublePercentRound",
    "description": "hyd1 reservoir percent",
    "length": undefined,
    "mapping": true,
    "name": "hyd1Reservoir",
    "permission": "r",
    "type": 8,
    "value": 11036,
  },
  "hyd2Pressure": Offset {
    "category": "hydraulic",
    "convert": undefined,
    "description": "hyd2 pressure",
    "length": undefined,
    "mapping": undefined,
    "name": "hyd2Pressure",
    "permission": "r",
    "type": 8,
    "value": 11272,
  },
  "hyd2Reservoir": Offset {
    "category": "hydraulic",
    "convert": "doublePercentRound",
    "description": "hyd2 reservoir percent",
    "length": undefined,
    "mapping": true,
    "name": "hyd2Reservoir",
    "permission": "r",
    "type": 8,
    "value": 11292,
  },
  "hyd3Pressure": Offset {
    "category": "hydraulic",
    "convert": undefined,
    "description": "hyd3 pressure",
    "length": undefined,
    "mapping": undefined,
    "name": "hyd3Pressure",
    "permission": "r",
    "type": 8,
    "value": 11528,
  },
  "hyd3Reservoir": Offset {
    "category": "hydraulic",
    "convert": "doublePercentRound",
    "description": "hyd3 reservoir percent",
    "length": undefined,
    "mapping": true,
    "name": "hyd3Reservoir",
    "permission": "r",
    "type": 8,
    "value": 11548,
  },
  "hyd4Pressure": Offset {
    "category": "hydraulic",
    "convert": undefined,
    "description": "hyd4 pressure",
    "length": undefined,
    "mapping": undefined,
    "name": "hyd4Pressure",
    "permission": "r",
    "type": 8,
    "value": 11784,
  },
  "hyd4Reservoir": Offset {
    "category": "hydraulic",
    "convert": "doublePercentRound",
    "description": "hyd4 reservoir percent",
    "length": undefined,
    "mapping": true,
    "name": "hyd4Reservoir",
    "permission": "r",
    "type": 8,
    "value": 11804,
  },
  "hydSystemIntegrity": Offset {
    "category": "hydraulic",
    "convert": "doublePercentRound",
    "description": "hydraulic system integrity - percent",
    "length": undefined,
    "mapping": true,
    "name": "hydSystemIntegrity",
    "permission": "r",
    "type": 8,
    "value": 12128,
  },
}
`;
