// Jest Snapshot v1, https://goo.gl/fbAQLP

exports[`offset - environment/weather/at-aircraft offsets list should have required properties 1`] = `
Object {
  "ambientAirDensity": Offset {
    "category": "weather",
    "convert": undefined,
    "description": "ambient air density - slug / sq ft",
    "length": undefined,
    "mapping": undefined,
    "name": "ambientAirDensity",
    "permission": "r",
    "type": 8,
    "value": 10432,
  },
  "ambientAirPressure": Offset {
    "category": "weather",
    "convert": undefined,
    "description": "ambient air pressure - lbs / sq ft",
    "length": undefined,
    "mapping": undefined,
    "name": "ambientAirPressure",
    "permission": "r",
    "type": 8,
    "value": 10440,
  },
  "lowerCloudBase": Offset {
    "category": "weather",
    "convert": "+({VAL} * 3.28084).toFixed(2)",
    "description": "lower cloud layer base - ft",
    "length": undefined,
    "mapping": undefined,
    "name": "lowerCloudBase",
    "permission": "r",
    "type": 5,
    "value": 3748,
  },
  "lowerCloudCeiling": Offset {
    "category": "weather",
    "convert": "+({VAL} * 3.28084).toFixed(2)",
    "description": "lower cloud layer ceiling - ft",
    "length": undefined,
    "mapping": undefined,
    "name": "lowerCloudCeiling",
    "permission": "r",
    "type": 5,
    "value": 3746,
  },
  "lowerCloudCoverage": Offset {
    "category": "weather",
    "convert": "Math.round(({VAL} + 1) / 8192)",
    "description": "lower cloud layer coverage - oktas",
    "length": undefined,
    "mapping": undefined,
    "name": "lowerCloudCoverage",
    "permission": "r",
    "type": 5,
    "value": 3750,
  },
  "lowerCloudIcing": Offset {
    "category": "weather",
    "convert": "!!{VAL}",
    "description": "lower cloud icing",
    "length": undefined,
    "mapping": undefined,
    "name": "lowerCloudIcing",
    "permission": "r",
    "type": 5,
    "value": 3840,
  },
  "lowerCloudTurbulence": Offset {
    "category": "weather",
    "convert": undefined,
    "description": "lower cloud turbulence - 0-255",
    "length": undefined,
    "mapping": undefined,
    "name": "lowerCloudTurbulence",
    "permission": "r",
    "type": 5,
    "value": 3842,
  },
  "lowerCloudType": Offset {
    "category": "weather",
    "convert": "cloudType",
    "description": "lower cloud type",
    "length": undefined,
    "mapping": true,
    "name": "lowerCloudType",
    "permission": "r",
    "type": 5,
    "value": 3838,
  },
  "lowerCloudVariation": Offset {
    "category": "weather",
    "convert": "+({VAL} * 3.28084).toFixed(2)",
    "description": "lower cloud layer variation - ft",
    "length": undefined,
    "mapping": undefined,
    "name": "lowerCloudVariation",
    "permission": "r",
    "type": 5,
    "value": 3752,
  },
  "lowerTemperature": Offset {
    "category": "weather",
    "convert": "Math.round({VAL} / 256)",
    "description": "lower temperature - degrees C",
    "length": undefined,
    "mapping": undefined,
    "name": "lowerTemperature",
    "permission": "r",
    "type": 2,
    "value": 3772,
  },
  "lowerTemperatureLevel": Offset {
    "category": "weather",
    "convert": "+({VAL} * 3.28084).toFixed(2)",
    "description": "lower temperature level - ft",
    "length": undefined,
    "mapping": undefined,
    "name": "lowerTemperatureLevel",
    "permission": "r",
    "type": 5,
    "value": 3770,
  },
  "lowerWindBase": Offset {
    "category": "weather",
    "convert": "+({VAL} * 3.28084).toFixed(2)",
    "description": "lower wind ceiling - ft",
    "length": undefined,
    "mapping": undefined,
    "name": "lowerWindBase",
    "permission": "r",
    "type": 5,
    "value": 3812,
  },
  "lowerWindCeiling": Offset {
    "category": "weather",
    "convert": "+({VAL} * 3.28084).toFixed(2)",
    "description": "lower wind ceiling - ft",
    "length": undefined,
    "mapping": undefined,
    "name": "lowerWindCeiling",
    "permission": "r",
    "type": 5,
    "value": 3810,
  },
  "lowerWindDirection": Offset {
    "category": "weather",
    "convert": "+({VAL} * 360 / 65536).toFixed(2)",
    "description": "lower wind ceiling - TRUE degrees",
    "length": undefined,
    "mapping": undefined,
    "name": "lowerWindDirection",
    "permission": "r",
    "type": 5,
    "value": 3816,
  },
  "lowerWindGustEnabled": Offset {
    "category": "weather",
    "convert": "!!{VAL}",
    "description": "lower wind gust enabled",
    "length": undefined,
    "mapping": undefined,
    "name": "lowerWindGustEnabled",
    "permission": "r",
    "type": 2,
    "value": 3820,
  },
  "lowerWindSpeed": Offset {
    "category": "weather",
    "convert": undefined,
    "description": "lower wind ceiling - kt",
    "length": undefined,
    "mapping": undefined,
    "name": "lowerWindSpeed",
    "permission": "r",
    "type": 5,
    "value": 3814,
  },
  "lowerWindTurbulence": Offset {
    "category": "weather",
    "convert": undefined,
    "description": "lower wind turbulence - 0-255",
    "length": undefined,
    "mapping": undefined,
    "name": "lowerWindTurbulence",
    "permission": "r",
    "type": 5,
    "value": 3818,
  },
  "middleTemperature": Offset {
    "category": "weather",
    "convert": "Math.round({VAL} / 256)",
    "description": "middle temperature - degrees C",
    "length": undefined,
    "mapping": undefined,
    "name": "middleTemperature",
    "permission": "r",
    "type": 2,
    "value": 3768,
  },
  "middleTemperatureLevel": Offset {
    "category": "weather",
    "convert": "+({VAL} * 3.28084).toFixed(2)",
    "description": "middle temperature level - ft",
    "length": undefined,
    "mapping": undefined,
    "name": "middleTemperatureLevel",
    "permission": "r",
    "type": 5,
    "value": 3766,
  },
  "middleWindBase": Offset {
    "category": "weather",
    "convert": "+({VAL} * 3.28084).toFixed(2)",
    "description": "middle wind ceiling - ft",
    "length": undefined,
    "mapping": undefined,
    "name": "middleWindBase",
    "permission": "r",
    "type": 5,
    "value": 3800,
  },
  "middleWindCeiling": Offset {
    "category": "weather",
    "convert": "+({VAL} * 3.28084).toFixed(2)",
    "description": "middle wind ceiling - ft",
    "length": undefined,
    "mapping": undefined,
    "name": "middleWindCeiling",
    "permission": "r",
    "type": 5,
    "value": 3798,
  },
  "middleWindDirection": Offset {
    "category": "weather",
    "convert": "+({VAL} * 360 / 65536).toFixed(2)",
    "description": "middle wind ceiling - TRUE degrees",
    "length": undefined,
    "mapping": undefined,
    "name": "middleWindDirection",
    "permission": "r",
    "type": 5,
    "value": 3804,
  },
  "middleWindGustEnabled": Offset {
    "category": "weather",
    "convert": "!!{VAL}",
    "description": "middle wind gust enabled",
    "length": undefined,
    "mapping": undefined,
    "name": "middleWindGustEnabled",
    "permission": "r",
    "type": 5,
    "value": 3808,
  },
  "middleWindSpeed": Offset {
    "category": "weather",
    "convert": undefined,
    "description": "middle wind ceiling - kt",
    "length": undefined,
    "mapping": undefined,
    "name": "middleWindSpeed",
    "permission": "r",
    "type": 5,
    "value": 3802,
  },
  "middleWindTurbulence": Offset {
    "category": "weather",
    "convert": undefined,
    "description": "middle wind turbulence - 0-255",
    "length": undefined,
    "mapping": undefined,
    "name": "middleWindTurbulence",
    "permission": "r",
    "type": 5,
    "value": 3806,
  },
  "pressureDrift": Offset {
    "category": "weather",
    "convert": "Math.round({VAL} / 16)",
    "description": "pressure drift - mb",
    "length": undefined,
    "mapping": undefined,
    "name": "pressureDrift",
    "permission": "r",
    "type": 2,
    "value": 3784,
  },
  "pressureQNH": Offset {
    "category": "weather",
    "convert": "Math.round({VAL} / 16)",
    "description": "pressure QNH - mb",
    "length": undefined,
    "mapping": undefined,
    "name": "pressureQNH",
    "permission": "r",
    "type": 5,
    "value": 3782,
  },
  "standardDensityRatio": Offset {
    "category": "weather",
    "convert": undefined,
    "description": "sigma - standard density ratio",
    "length": undefined,
    "mapping": undefined,
    "name": "standardDensityRatio",
    "permission": "r",
    "type": 8,
    "value": 10480,
  },
  "standardPressureRatio": Offset {
    "category": "weather",
    "convert": undefined,
    "description": "delta - standard pressure ratio",
    "length": undefined,
    "mapping": undefined,
    "name": "standardPressureRatio",
    "permission": "r",
    "type": 8,
    "value": 10472,
  },
  "standardTemperatureRatio": Offset {
    "category": "weather",
    "convert": undefined,
    "description": "theta - standard temperature ratio",
    "length": undefined,
    "mapping": undefined,
    "name": "standardTemperatureRatio",
    "permission": "r",
    "type": 8,
    "value": 10464,
  },
  "staticAirTemperatureF": Offset {
    "category": "weather",
    "convert": undefined,
    "description": "static air temperature - F",
    "length": undefined,
    "mapping": undefined,
    "name": "staticAirTemperatureF",
    "permission": "r",
    "type": 8,
    "value": 10448,
  },
  "staticAirTemperatureR": Offset {
    "category": "weather",
    "convert": undefined,
    "description": "static air temperature - Rankine degrees",
    "length": undefined,
    "mapping": undefined,
    "name": "staticAirTemperatureR",
    "permission": "r",
    "type": 8,
    "value": 10456,
  },
  "stormCloudBase": Offset {
    "category": "weather",
    "convert": "+({VAL} * 3.28084).toFixed(2)",
    "description": "storm cloud layer base - ft",
    "length": undefined,
    "mapping": undefined,
    "name": "stormCloudBase",
    "permission": "r",
    "type": 5,
    "value": 3756,
  },
  "stormCloudCeiling": Offset {
    "category": "weather",
    "convert": "+({VAL} * 3.28084).toFixed(2)",
    "description": "storm cloud layer ceiling - ft",
    "length": undefined,
    "mapping": undefined,
    "name": "stormCloudCeiling",
    "permission": "r",
    "type": 5,
    "value": 3754,
  },
  "stormCloudCoverage": Offset {
    "category": "weather",
    "convert": "Math.round(({VAL} + 1) / 8192)",
    "description": "storm cloud layer coverage - oktas",
    "length": undefined,
    "mapping": undefined,
    "name": "stormCloudCoverage",
    "permission": "r",
    "type": 5,
    "value": 3758,
  },
  "stormCloudIcing": Offset {
    "category": "weather",
    "convert": "!!{VAL}",
    "description": "storm cloud icing",
    "length": undefined,
    "mapping": undefined,
    "name": "stormCloudIcing",
    "permission": "r",
    "type": 5,
    "value": 3846,
  },
  "stormCloudTurbulence": Offset {
    "category": "weather",
    "convert": undefined,
    "description": "storm cloud turbulence - 0-255",
    "length": undefined,
    "mapping": undefined,
    "name": "stormCloudTurbulence",
    "permission": "r",
    "type": 5,
    "value": 3848,
  },
  "stormCloudType": Offset {
    "category": "weather",
    "convert": "cloudType",
    "description": "storm cloud type",
    "length": undefined,
    "mapping": true,
    "name": "stormCloudType",
    "permission": "r",
    "type": 5,
    "value": 3844,
  },
  "stormCloudVariation": Offset {
    "category": "weather",
    "convert": "+({VAL} * 3.28084).toFixed(2)",
    "description": "storm cloud layer variation - ft",
    "length": undefined,
    "mapping": undefined,
    "name": "stormCloudVariation",
    "permission": "r",
    "type": 5,
    "value": 3760,
  },
  "surfaceTemperature": Offset {
    "category": "weather",
    "convert": "Math.round({VAL} / 256)",
    "description": "surface temperature - degrees C",
    "length": undefined,
    "mapping": undefined,
    "name": "surfaceTemperature",
    "permission": "r",
    "type": 2,
    "value": 3776,
  },
  "surfaceTemperatureLevel": Offset {
    "category": "weather",
    "convert": "+({VAL} * 3.28084).toFixed(2)",
    "description": "surface temperature level - ground elevation - ft",
    "length": undefined,
    "mapping": undefined,
    "name": "surfaceTemperatureLevel",
    "permission": "r",
    "type": 5,
    "value": 3774,
  },
  "surfaceWindCeiling": Offset {
    "category": "weather",
    "convert": "+({VAL} * 3.28084).toFixed(2)",
    "description": "surface wind ceiling - ft",
    "length": undefined,
    "mapping": undefined,
    "name": "surfaceWindCeiling",
    "permission": "r",
    "type": 5,
    "value": 3822,
  },
  "surfaceWindGustEnabled": Offset {
    "category": "weather",
    "convert": "!!{VAL}",
    "description": "surface wind gust enabled",
    "length": undefined,
    "mapping": undefined,
    "name": "surfaceWindGustEnabled",
    "permission": "r",
    "type": 5,
    "value": 3830,
  },
  "surfaceWindTurbulence": Offset {
    "category": "weather",
    "convert": undefined,
    "description": "surface wind turbulence - 0-255",
    "length": undefined,
    "mapping": undefined,
    "name": "surfaceWindTurbulence",
    "permission": "r",
    "type": 5,
    "value": 3828,
  },
  "temperatureDayNightVariation": Offset {
    "category": "weather",
    "convert": "Math.round({VAL} / 256)",
    "description": "temperature day night variation - degrees C",
    "length": undefined,
    "mapping": undefined,
    "name": "temperatureDayNightVariation",
    "permission": "r",
    "type": 2,
    "value": 3780,
  },
  "temperatureDrift": Offset {
    "category": "weather",
    "convert": "Math.round({VAL} / 256)",
    "description": "temperature drift - degrees C",
    "length": undefined,
    "mapping": undefined,
    "name": "temperatureDrift",
    "permission": "r",
    "type": 2,
    "value": 3778,
  },
  "upperCloudBase": Offset {
    "category": "weather",
    "convert": "+({VAL} * 3.28084).toFixed(2)",
    "description": "upper cloud layer base - ft",
    "length": undefined,
    "mapping": undefined,
    "name": "upperCloudBase",
    "permission": "r",
    "type": 5,
    "value": 3740,
  },
  "upperCloudCeiling": Offset {
    "category": "weather",
    "convert": "+({VAL} * 3.28084).toFixed(2)",
    "description": "upper cloud layer ceiling - ft",
    "length": undefined,
    "mapping": undefined,
    "name": "upperCloudCeiling",
    "permission": "r",
    "type": 5,
    "value": 3738,
  },
  "upperCloudCoverage": Offset {
    "category": "weather",
    "convert": "Math.round(({VAL} + 1) / 8192)",
    "description": "upper cloud layer coverage - oktas",
    "length": undefined,
    "mapping": undefined,
    "name": "upperCloudCoverage",
    "permission": "r",
    "type": 5,
    "value": 3742,
  },
  "upperCloudIcing": Offset {
    "category": "weather",
    "convert": "!!{VAL}",
    "description": "upper cloud icing",
    "length": undefined,
    "mapping": undefined,
    "name": "upperCloudIcing",
    "permission": "r",
    "type": 5,
    "value": 3834,
  },
  "upperCloudTurbulence": Offset {
    "category": "weather",
    "convert": undefined,
    "description": "upper cloud turbulence - 0-255",
    "length": undefined,
    "mapping": undefined,
    "name": "upperCloudTurbulence",
    "permission": "r",
    "type": 5,
    "value": 3836,
  },
  "upperCloudType": Offset {
    "category": "weather",
    "convert": "cloudType",
    "description": "upper cloud type",
    "length": undefined,
    "mapping": true,
    "name": "upperCloudType",
    "permission": "r",
    "type": 5,
    "value": 3832,
  },
  "upperCloudVariation": Offset {
    "category": "weather",
    "convert": "+({VAL} * 3.28084).toFixed(2)",
    "description": "upper cloud layer variation - ft",
    "length": undefined,
    "mapping": undefined,
    "name": "upperCloudVariation",
    "permission": "r",
    "type": 5,
    "value": 3744,
  },
  "upperTemperature": Offset {
    "category": "weather",
    "convert": "Math.round({VAL} / 256)",
    "description": "upper temperature - degrees C",
    "length": undefined,
    "mapping": undefined,
    "name": "upperTemperature",
    "permission": "r",
    "type": 2,
    "value": 3764,
  },
  "upperTemperatureLevel": Offset {
    "category": "weather",
    "convert": "+({VAL} * 3.28084).toFixed(2)",
    "description": "upper temperature level - ft",
    "length": undefined,
    "mapping": undefined,
    "name": "upperTemperatureLevel",
    "permission": "r",
    "type": 5,
    "value": 3762,
  },
  "upperWindBase": Offset {
    "category": "weather",
    "convert": "+({VAL} * 3.28084).toFixed(2)",
    "description": "upper wind ceiling - ft",
    "length": undefined,
    "mapping": undefined,
    "name": "upperWindBase",
    "permission": "r",
    "type": 5,
    "value": 3788,
  },
  "upperWindCeiling": Offset {
    "category": "weather",
    "convert": "+({VAL} * 3.28084).toFixed(2)",
    "description": "upper wind ceiling - ft",
    "length": undefined,
    "mapping": undefined,
    "name": "upperWindCeiling",
    "permission": "r",
    "type": 5,
    "value": 3786,
  },
  "upperWindDirection": Offset {
    "category": "weather",
    "convert": "+({VAL} * 360 / 65536).toFixed(2)",
    "description": "upper wind ceiling - TRUE degrees",
    "length": undefined,
    "mapping": undefined,
    "name": "upperWindDirection",
    "permission": "r",
    "type": 5,
    "value": 3792,
  },
  "upperWindGustEnabled": Offset {
    "category": "weather",
    "convert": "!!{VAL}",
    "description": "upper wind gust enabled",
    "length": undefined,
    "mapping": undefined,
    "name": "upperWindGustEnabled",
    "permission": "r",
    "type": 5,
    "value": 3796,
  },
  "upperWindSpeed": Offset {
    "category": "weather",
    "convert": undefined,
    "description": "upper wind ceiling - kt",
    "length": undefined,
    "mapping": undefined,
    "name": "upperWindSpeed",
    "permission": "r",
    "type": 5,
    "value": 3790,
  },
  "upperWindTurbulence": Offset {
    "category": "weather",
    "convert": undefined,
    "description": "upper wind turbulence - 0-255",
    "length": undefined,
    "mapping": undefined,
    "name": "upperWindTurbulence",
    "permission": "r",
    "type": 5,
    "value": 3794,
  },
}
`;
