// Jest Snapshot v1, https://goo.gl/fbAQLP

exports[`offset - position-attitude/position-attitude offsets list should have required properties 1`] = `
Object {
  "altitude": Offset {
    "category": "position_attitude",
    "convert": "+({VAL} * 3.28084 / (65536 * 65536)).toFixed(2)",
    "description": "altitude - AGL",
    "length": undefined,
    "mapping": undefined,
    "name": "altitude",
    "permission": "rw",
    "type": 4,
    "value": 1392,
  },
  "angleOfAttack": Offset {
    "category": "position_attitude",
    "convert": "+(100 - (100 * {VAL} / 32767)).toFixed(2)",
    "description": "angle of attack - percent of max",
    "length": undefined,
    "mapping": undefined,
    "name": "angleOfAttack",
    "permission": "r",
    "type": 2,
    "value": 4542,
  },
  "bank": Offset {
    "category": "position_attitude",
    "convert": "+({VAL} * 360 / (65536 * 65536)).toFixed(2)",
    "description": "bank - -ve right bank, +ve left bank",
    "length": undefined,
    "mapping": undefined,
    "name": "bank",
    "permission": "rw",
    "type": 3,
    "value": 1404,
  },
  "bpa": Offset {
    "category": "position_attitude",
    "convert": "Math.floor({VAL} / 128)",
    "description": "barper pole airspeed - knots",
    "length": undefined,
    "mapping": undefined,
    "name": "bpa",
    "permission": "r",
    "type": 6,
    "value": 708,
  },
  "gForce": Offset {
    "category": "position_attitude",
    "convert": undefined,
    "description": "g-force",
    "length": undefined,
    "mapping": undefined,
    "name": "gForce",
    "permission": "r",
    "type": 8,
    "value": 4416,
  },
  "gForceAlt": Offset {
    "category": "position_attitude",
    "convert": "{VAL} / 625",
    "description": "g-force alt unit",
    "length": undefined,
    "mapping": undefined,
    "name": "gForceAlt",
    "permission": "r",
    "type": 2,
    "value": 4538,
  },
  "gForceTouchDown": Offset {
    "category": "position_attitude",
    "convert": "{VAL} / 625",
    "description": "g-force touchdown - unknown unit",
    "length": undefined,
    "mapping": undefined,
    "name": "gForceTouchDown",
    "permission": "r",
    "type": 2,
    "value": 4536,
  },
  "groundElevation": Offset {
    "category": "position_attitude",
    "convert": "Math.round({VAL} * 3.28084 / 256)",
    "description": "ground elevation - feet",
    "length": undefined,
    "mapping": undefined,
    "name": "groundElevation",
    "permission": "r",
    "type": 3,
    "value": 32,
  },
  "gs": Offset {
    "category": "position_attitude",
    "convert": "Math.floor({VAL} * 3600 / 65536 / 1852)",
    "description": "ground speed in kt",
    "length": undefined,
    "mapping": undefined,
    "name": "gs",
    "permission": "r",
    "type": 3,
    "value": 692,
  },
  "heading": Offset {
    "category": "position_attitude",
    "convert": "+({VAL} * 360 / (65536 * 65536)).toFixed(2)",
    "description": "heading - TRUE",
    "length": undefined,
    "mapping": undefined,
    "name": "heading",
    "permission": "rw",
    "type": 6,
    "value": 1408,
  },
  "ias": Offset {
    "category": "position_attitude",
    "convert": "Math.floor({VAL} / 128)",
    "description": "indicated air speed - knots",
    "length": undefined,
    "mapping": undefined,
    "name": "ias",
    "permission": "r",
    "type": 3,
    "value": 700,
  },
  "latitude": Offset {
    "category": "position_attitude",
    "convert": "{VAL} * 90 / (10001750 * 65536 * 65536)",
    "description": "latitude - -ve for south +ve for north",
    "length": undefined,
    "mapping": undefined,
    "name": "latitude",
    "permission": "rw",
    "type": 4,
    "value": 1376,
  },
  "longitude": Offset {
    "category": "position_attitude",
    "convert": "{VAL} * 360 / (65536 * 65536 * 65536 * 65536)",
    "description": "longitude - -ve for west +ve for east",
    "length": undefined,
    "mapping": undefined,
    "name": "longitude",
    "permission": "rw",
    "type": 4,
    "value": 1384,
  },
  "machSpeed": Offset {
    "category": "position_attitude",
    "convert": "{VAL} / 20480",
    "description": "mach speed",
    "length": undefined,
    "mapping": undefined,
    "name": "machSpeed",
    "permission": "r",
    "type": 5,
    "value": 4550,
  },
  "magVar": Offset {
    "category": "position_attitude",
    "convert": "+({VAL}*360/65536).toFixed(2)",
    "description": "-ve is west, +ve east. mag to true by adding this, true to mag by substracting this",
    "length": undefined,
    "mapping": undefined,
    "name": "magVar",
    "permission": "r",
    "type": 2,
    "value": 672,
  },
  "pitch": Offset {
    "category": "position_attitude",
    "convert": "+({VAL} * 360 / (65536 * 65536)).toFixed(2)",
    "description": "pitch - 0 for level, -ve for pitch up, +ve for pitch down",
    "length": undefined,
    "mapping": undefined,
    "name": "pitch",
    "permission": "rw",
    "type": 3,
    "value": 1400,
  },
  "planeOnground": Offset {
    "category": "position_attitude",
    "convert": "!!{VAL}",
    "description": "plane on the ground",
    "length": undefined,
    "mapping": undefined,
    "name": "planeOnground",
    "permission": "r",
    "type": 5,
    "value": 870,
  },
  "tas": Offset {
    "category": "position_attitude",
    "convert": "Math.floor({VAL} / 128)",
    "description": "true air speed - knots",
    "length": undefined,
    "mapping": undefined,
    "name": "tas",
    "permission": "r",
    "type": 3,
    "value": 696,
  },
  "verticalSpeed": Offset {
    "category": "position_attitude",
    "convert": "+({VAL} * -3.28084).toFixed(2)",
    "description": "vertical speed - more precise - ft/min - +ve = up",
    "length": undefined,
    "mapping": undefined,
    "name": "verticalSpeed",
    "permission": "r",
    "type": 2,
    "value": 2114,
  },
  "viewpointAltitude": Offset {
    "category": "position_attitude",
    "convert": "+({VAL} * 3.28084 / (65536 * 65536)).toFixed(2)",
    "description": "viewpoint altitude - AGL",
    "length": undefined,
    "mapping": undefined,
    "name": "viewpointAltitude",
    "permission": "r",
    "type": 4,
    "value": 1472,
  },
  "viewpointBank": Offset {
    "category": "position_attitude",
    "convert": "+({VAL} * 360 / (65536 * 65536)).toFixed(2)",
    "description": "viewpoint bank - - right bank, + left bank",
    "length": undefined,
    "mapping": undefined,
    "name": "viewpointBank",
    "permission": "r",
    "type": 3,
    "value": 1484,
  },
  "viewpointHeading": Offset {
    "category": "position_attitude",
    "convert": "+({VAL} * 360 / (65536 * 65536)).toFixed(2)",
    "description": "viewpoint heading - TRUE",
    "length": undefined,
    "mapping": undefined,
    "name": "viewpointHeading",
    "permission": "r",
    "type": 6,
    "value": 1488,
  },
  "viewpointLatitude": Offset {
    "category": "position_attitude",
    "convert": "{VAL} * 90 / (10001750 * 65536 * 65536)",
    "description": "viewpoint latitude - -ve for south +ve for north",
    "length": undefined,
    "mapping": undefined,
    "name": "viewpointLatitude",
    "permission": "r",
    "type": 4,
    "value": 1456,
  },
  "viewpointLongitude": Offset {
    "category": "position_attitude",
    "convert": "{VAL} * 360 / (65536 * 65536 * 65536 * 65536)",
    "description": "viewpoint longitude - -ve for west +ve for east",
    "length": undefined,
    "mapping": undefined,
    "name": "viewpointLongitude",
    "permission": "r",
    "type": 4,
    "value": 1464,
  },
  "viewpointPitch": Offset {
    "category": "position_attitude",
    "convert": "+({VAL} * 360 / (65536 * 65536)).toFixed(2)",
    "description": "pitch - 0 for level, - for pitch up,  for pitch down",
    "length": undefined,
    "mapping": undefined,
    "name": "viewpointPitch",
    "permission": "r",
    "type": 3,
    "value": 1480,
  },
  "vs": Offset {
    "category": "position_attitude",
    "convert": "Math.floor({VAL} * 60 * 3.28084 / 256)",
    "description": "vertical speed - ft/min",
    "length": undefined,
    "mapping": undefined,
    "name": "vs",
    "permission": "r",
    "type": 3,
    "value": 712,
  },
  "vsAtTouchdown": Offset {
    "category": "position_attitude",
    "convert": "Math.floor({VAL}*60*3.28084/256)",
    "description": "vertical speed - m/s",
    "length": undefined,
    "mapping": undefined,
    "name": "vsAtTouchdown",
    "permission": "r",
    "type": 3,
    "value": 780,
  },
  "whiskeyCompass": Offset {
    "category": "position_attitude",
    "convert": undefined,
    "description": "whiskey compass - degrees",
    "length": undefined,
    "mapping": undefined,
    "name": "whiskeyCompass",
    "permission": "r",
    "type": 8,
    "value": 716,
  },
}
`;
