// Jest Snapshot v1, https://goo.gl/fbAQLP

exports[`offset - plane/radios/adf2 offsets list should have required properties 1`] = `
Object {
  "adf2Altitude": Offset {
    "category": "radios",
    "convert": "+({VAL} * 3.28084).toFixed(2)",
    "description": "adf2 altitude - ft",
    "length": undefined,
    "mapping": undefined,
    "name": "adf2Altitude",
    "permission": "r",
    "type": 3,
    "value": 4408,
  },
  "adf2ExtendedFreq": Offset {
    "category": "radios",
    "convert": undefined,
    "description": "ADF 2 extended freq - in BCD - FS2004",
    "length": undefined,
    "mapping": undefined,
    "name": "adf2ExtendedFreq",
    "permission": "rw",
    "type": 5,
    "value": 726,
  },
  "adf2Freq": Offset {
    "category": "radios",
    "convert": "+({VAL}).toString(16)",
    "description": "ADF 2 freq - Main 3 digits in BCD - FS2004",
    "length": undefined,
    "mapping": undefined,
    "name": "adf2Freq",
    "permission": "rw",
    "type": 5,
    "value": 724,
  },
  "adf2Latitude": Offset {
    "category": "radios",
    "convert": "{VAL} * 90 / 10001750",
    "description": "adf2 latitude",
    "length": undefined,
    "mapping": undefined,
    "name": "adf2Latitude",
    "permission": "r",
    "type": 3,
    "value": 4400,
  },
  "adf2Longitude": Offset {
    "category": "radios",
    "convert": "{VAL} * 360 / (65536 * 65536)",
    "description": "adf2 longitude",
    "length": undefined,
    "mapping": undefined,
    "name": "adf2Longitude",
    "permission": "r",
    "type": 3,
    "value": 4404,
  },
  "adf2RelBearing": Offset {
    "category": "radios",
    "convert": "Math.round({VAL} * 360 / 65536)",
    "description": "ADF2 Rel Bearing - FS2004",
    "length": undefined,
    "mapping": undefined,
    "name": "adf2RelBearing",
    "permission": "r",
    "type": 2,
    "value": 728,
  },
  "adf2SignalStrength": Offset {
    "category": "radios",
    "convert": undefined,
    "description": "ADF2 signal strength",
    "length": undefined,
    "mapping": undefined,
    "name": "adf2SignalStrength",
    "permission": "r",
    "type": 6,
    "value": 3092,
  },
  "ndb2IdentSoundSwitch": Offset {
    "category": "radios",
    "convert": "!!{VAL}",
    "description": "NDB2 ident sound switch - FS2004",
    "length": undefined,
    "mapping": undefined,
    "name": "ndb2IdentSoundSwitch",
    "permission": "rw",
    "type": 0,
    "value": 763,
  },
  "ndb2Identity": Offset {
    "category": "radios",
    "convert": undefined,
    "description": "NDB2 identity - FS2004",
    "length": 6,
    "mapping": undefined,
    "name": "ndb2Identity",
    "permission": "r",
    "type": 11,
    "value": 732,
  },
  "ndb2Name": Offset {
    "category": "radios",
    "convert": undefined,
    "description": "NDB2 name - FS2004",
    "length": 25,
    "mapping": undefined,
    "name": "ndb2Name",
    "permission": "r",
    "type": 11,
    "value": 738,
  },
}
`;
